Component: ARM Compiler 5.05 update 1 (build 106) Tool: armlink [4d0efa]

==============================================================================

Section Cross References

    startup_stm32f103xb.o(RESET) refers to startup_stm32f103xb.o(STACK) for __initial_sp
    startup_stm32f103xb.o(RESET) refers to startup_stm32f103xb.o(.text) for Reset_Handler
    startup_stm32f103xb.o(RESET) refers to stm32f1xx_it.o(i.NMI_Handler) for NMI_Handler
    startup_stm32f103xb.o(RESET) refers to stm32f1xx_it.o(i.HardFault_Handler) for HardFault_Handler
    startup_stm32f103xb.o(RESET) refers to stm32f1xx_it.o(i.MemManage_Handler) for MemManage_Handler
    startup_stm32f103xb.o(RESET) refers to stm32f1xx_it.o(i.BusFault_Handler) for BusFault_Handler
    startup_stm32f103xb.o(RESET) refers to stm32f1xx_it.o(i.UsageFault_Handler) for UsageFault_Handler
    startup_stm32f103xb.o(RESET) refers to port.o(.emb_text) for SVC_Handler
    startup_stm32f103xb.o(RESET) refers to stm32f1xx_it.o(i.DebugMon_Handler) for DebugMon_Handler
    startup_stm32f103xb.o(RESET) refers to port.o(i.SysTick_Handler) for SysTick_Handler
    startup_stm32f103xb.o(RESET) refers to stm32f1xx_it.o(i.DMA1_Channel1_IRQHandler) for DMA1_Channel1_IRQHandler
    startup_stm32f103xb.o(RESET) refers to stm32f1xx_it.o(i.TIM4_IRQHandler) for TIM4_IRQHandler
    startup_stm32f103xb.o(RESET) refers to stm32f1xx_it.o(i.USART1_IRQHandler) for USART1_IRQHandler
    startup_stm32f103xb.o(.text) refers to system_stm32f1xx.o(i.SystemInit) for SystemInit
    startup_stm32f103xb.o(.text) refers to entry.o(.ARM.Collect$$$$00000000) for __main
    main.o(i.DHT11_start) refers to main.o(i.set_gpio_output) for set_gpio_output
    main.o(i.DHT11_start) refers to stm32f1xx_hal_gpio.o(i.HAL_GPIO_WritePin) for HAL_GPIO_WritePin
    main.o(i.DHT11_start) refers to main.o(i.DWT_Delay_us) for DWT_Delay_us
    main.o(i.DHT11_start) refers to main.o(i.set_gpio_input) for set_gpio_input
    main.o(i.DWT_Delay_us) refers to stm32f1xx_hal_rcc.o(i.HAL_RCC_GetHCLKFreq) for HAL_RCC_GetHCLKFreq
    main.o(i.HAL_TIM_PeriodElapsedCallback) refers to stm32f1xx_hal.o(i.HAL_IncTick) for HAL_IncTick
    main.o(i.HAL_UART_RxCpltCallback) refers to stm32f1xx_hal_gpio.o(i.HAL_GPIO_TogglePin) for HAL_GPIO_TogglePin
    main.o(i.HAL_UART_RxCpltCallback) refers to stm32f1xx_hal_uart.o(i.HAL_UART_Receive_IT) for HAL_UART_Receive_IT
    main.o(i.HAL_UART_RxCpltCallback) refers to main.o(.data) for .data
    main.o(i.HAL_UART_RxCpltCallback) refers to main.o(.bss) for .bss
    main.o(i.LCD_Clear) refers to main.o(i.LCD_SendCommand) for LCD_SendCommand
    main.o(i.LCD_Clear) refers to stm32f1xx_hal.o(i.HAL_Delay) for HAL_Delay
    main.o(i.LCD_Enable) refers to stm32f1xx_hal_gpio.o(i.HAL_GPIO_WritePin) for HAL_GPIO_WritePin
    main.o(i.LCD_Enable) refers to stm32f1xx_hal.o(i.HAL_Delay) for HAL_Delay
    main.o(i.LCD_Gotoxy) refers to main.o(i.LCD_SendCommand) for LCD_SendCommand
    main.o(i.LCD_Init) refers to stm32f1xx_hal_gpio.o(i.HAL_GPIO_WritePin) for HAL_GPIO_WritePin
    main.o(i.LCD_Init) refers to stm32f1xx_hal.o(i.HAL_Delay) for HAL_Delay
    main.o(i.LCD_Init) refers to main.o(i.LCD_Send4Bit) for LCD_Send4Bit
    main.o(i.LCD_Init) refers to main.o(i.LCD_Enable) for LCD_Enable
    main.o(i.LCD_Init) refers to main.o(i.LCD_SendCommand) for LCD_SendCommand
    main.o(i.LCD_PutChar) refers to stm32f1xx_hal_gpio.o(i.HAL_GPIO_WritePin) for HAL_GPIO_WritePin
    main.o(i.LCD_PutChar) refers to main.o(i.LCD_SendCommand) for LCD_SendCommand
    main.o(i.LCD_Puts) refers to main.o(i.LCD_PutChar) for LCD_PutChar
    main.o(i.LCD_Send4Bit) refers to stm32f1xx_hal_gpio.o(i.HAL_GPIO_WritePin) for HAL_GPIO_WritePin
    main.o(i.LCD_SendCommand) refers to main.o(i.LCD_Send4Bit) for LCD_Send4Bit
    main.o(i.LCD_SendCommand) refers to main.o(i.LCD_Enable) for LCD_Enable
    main.o(i.MX_ADC1_Init) refers to stm32f1xx_hal_adc.o(i.HAL_ADC_Init) for HAL_ADC_Init
    main.o(i.MX_ADC1_Init) refers to stm32f1xx_hal_adc.o(i.HAL_ADC_ConfigChannel) for HAL_ADC_ConfigChannel
    main.o(i.MX_ADC1_Init) refers to main.o(.bss) for .bss
    main.o(i.MX_GPIO_Init) refers to stm32f1xx_hal_gpio.o(i.HAL_GPIO_WritePin) for HAL_GPIO_WritePin
    main.o(i.MX_GPIO_Init) refers to stm32f1xx_hal_gpio.o(i.HAL_GPIO_Init) for HAL_GPIO_Init
    main.o(i.StartTask01) refers to cmsis_os.o(i.osDelay) for osDelay
    main.o(i.StartTask01) refers to main.o(i.DHT11_start) for DHT11_start
    main.o(i.StartTask01) refers to main.o(i.check_response) for check_response
    main.o(i.StartTask01) refers to main.o(i.read_data) for read_data
    main.o(i.StartTask01) refers to main.o(i.LCD_Gotoxy) for LCD_Gotoxy
    main.o(i.StartTask01) refers to main.o(i.LCD_Puts) for LCD_Puts
    main.o(i.StartTask01) refers to main.o(i.LCD_PutChar) for LCD_PutChar
    main.o(i.StartTask01) refers to cmsis_os.o(i.osSemaphoreRelease) for osSemaphoreRelease
    main.o(i.StartTask01) refers to main.o(.data) for .data
[...]
    Removing cmsis_os.o(i.osMessageGet), (152 bytes).
    Removing cmsis_os.o(i.osMessagePeek), (78 bytes).
    Removing cmsis_os.o(i.osMessagePut), (92 bytes).
    Removing cmsis_os.o(i.osMessageWaiting), (30 bytes).
    Removing cmsis_os.o(i.osMutexCreate), (6 bytes).
    Removing cmsis_os.o(i.osMutexDelete), (24 bytes).
    Removing cmsis_os.o(i.osMutexRelease), (80 bytes).
    Removing cmsis_os.o(i.osMutexWait), (104 bytes).
    Removing cmsis_os.o(i.osPoolAlloc), (106 bytes).
    Removing cmsis_os.o(i.osPoolCAlloc), (16 bytes).
    Removing cmsis_os.o(i.osPoolCreate), (94 bytes).
    Removing cmsis_os.o(i.osPoolFree), (48 bytes).
    Removing cmsis_os.o(i.osRecursiveMutexCreate), (4 bytes).
    Removing cmsis_os.o(i.osRecursiveMutexRelease), (4 bytes).
    Removing cmsis_os.o(i.osRecursiveMutexWait), (4 bytes).
    Removing cmsis_os.o(i.osSemaphoreDelete), (24 bytes).
    Removing cmsis_os.o(i.osSemaphoreGetCount), (4 bytes).
    Removing cmsis_os.o(i.osSignalSet), (92 bytes).
    Removing cmsis_os.o(i.osSignalWait), (86 bytes).
    Removing cmsis_os.o(i.osSystickHandler), (20 bytes).
    Removing cmsis_os.o(i.osThreadGetId), (4 bytes).
    Removing cmsis_os.o(i.osThreadGetPriority), (32 bytes).
    Removing cmsis_os.o(i.osThreadList), (4 bytes).
    Removing cmsis_os.o(i.osThreadResume), (52 bytes).
    Removing cmsis_os.o(i.osThreadResumeAll), (18 bytes).
    Removing cmsis_os.o(i.osThreadSetPriority), (22 bytes).
    Removing cmsis_os.o(i.osThreadSuspend), (10 bytes).
    Removing cmsis_os.o(i.osThreadSuspendAll), (10 bytes).
    Removing cmsis_os.o(i.osThreadTerminate), (10 bytes).
    Removing cmsis_os.o(i.osThreadYield), (24 bytes).
    Removing cmsis_os.o(i.osTimerCreate), (4 bytes).
    Removing cmsis_os.o(i.osTimerDelete), (4 bytes).
    Removing cmsis_os.o(i.osTimerStart), (4 bytes).
    Removing cmsis_os.o(i.osTimerStop), (4 bytes).
    Removing heap_4.o(i.vPortInitialiseBlocks), (2 bytes).
    Removing heap_4.o(i.xPortGetFreeHeapSize), (12 bytes).
    Removing heap_4.o(i.xPortGetMinimumEverFreeHeapSize), (12 bytes).
    Removing port.o(i.vPortEndScheduler), (32 bytes).
    Removing dadd.o(.text), (334 bytes).
    Removing dmul.o(.text), (228 bytes).
    Removing ddiv.o(.text), (222 bytes).
    Removing dfixul.o(.text), (48 bytes).
    Removing cdrcmple.o(.text), (48 bytes).
    Removing depilogue.o(.text), (186 bytes).

480 unused section(s) (total 28346 bytes) removed from the image.

==============================================================================

Image Symbol Table

    Local Symbols

    Symbol Name                              Value     Ov Type        Size  Object(Section)

    ../Drivers/STM32F1xx_HAL_Driver/Src/stm32f1xx_hal.c 0x00000000   Number         0  stm32f1xx_hal.o ABSOLUTE
    ../Drivers/STM32F1xx_HAL_Driver/Src/stm32f1xx_hal_adc.c 0x00000000   Number         0  stm32f1xx_hal_adc.o ABSOLUTE
    ../Drivers/STM32F1xx_HAL_Driver/Src/stm32f1xx_hal_adc_ex.c 0x00000000   Number         0  stm32f1xx_hal_adc_ex.o ABSOLUTE
    ../Drivers/STM32F1xx_HAL_Driver/Src/stm32f1xx_hal_cortex.c 0x00000000   Number         0  stm32f1xx_hal_cortex.o ABSOLUTE
    ../Drivers/STM32F1xx_HAL_Driver/Src/stm32f1xx_hal_dma.c 0x00000000   Number         0  stm32f1xx_hal_dma.o ABSOLUTE
    ../Drivers/STM32F1xx_HAL_Driver/Src/stm32f1xx_hal_flash.c 0x00000000   Number         0  stm32f1xx_hal_flash.o ABSOLUTE
    ../Drivers/STM32F1xx_HAL_Driver/Src/stm32f1xx_hal_flash_ex.c 0x00000000   Number         0  stm32f1xx_hal_flash_ex.o ABSOLUTE
    ../Drivers/STM32F1xx_HAL_Driver/Src/stm32f1xx_hal_gpio.c 0x00000000   Number         0  stm32f1xx_hal_gpio.o ABSOLUTE
    ../Drivers/STM32F1xx_HAL_Driver/Src/stm32f1xx_hal_gpio_ex.c 0x00000000   Number         0  stm32f1xx_hal_gpio_ex.o ABSOLUTE
    ../Drivers/STM32F1xx_HAL_Driver/Src/stm32f1xx_hal_pwr.c 0x00000000   Number         0  stm32f1xx_hal_pwr.o ABSOLUTE
    ../Drivers/STM32F1xx_HAL_Driver/Src/stm32f1xx_hal_rcc.c 0x00000000   Number         0  stm32f1xx_hal_rcc.o ABSOLUTE
    ../Drivers/STM32F1xx_HAL_Driver/Src/stm32f1xx_hal_rcc_ex.c 0x00000000   Number         0  stm32f1xx_hal_rcc_ex.o ABSOLUTE
    ../Drivers/STM32F1xx_HAL_Driver/Src/stm32f1xx_hal_tim.c 0x00000000   Number         0  stm32f1xx_hal_tim.o ABSOLUTE
    ../Drivers/STM32F1xx_HAL_Driver/Src/stm32f1xx_hal_tim_ex.c 0x00000000   Number         0  stm32f1xx_hal_tim_ex.o ABSOLUTE
    ../Drivers/STM32F1xx_HAL_Driver/Src/stm32f1xx_hal_uart.c 0x00000000   Number         0  stm32f1xx_hal_uart.o ABSOLUTE
    ../Middlewares/Third_Party/FreeRTOS/Source/CMSIS_RTOS/cmsis_os.c 0x00000000   Number         0  cmsis_os.o ABSOLUTE
    ../Middlewares/Third_Party/FreeRTOS/Source/croutine.c 0x00000000   Number         0  croutine.o ABSOLUTE
    ../Middlewares/Third_Party/FreeRTOS/Source/event_groups.c 0x00000000   Number         0  event_groups.o ABSOLUTE
    ../Middlewares/Third_Party/FreeRTOS/Source/list.c 0x00000000   Number         0  list.o ABSOLUTE
    ../Middlewares/Third_Party/FreeRTOS/Source/portable/MemMang/heap_4.c 0x00000000   Number         0  heap_4.o ABSOLUTE
    ../Middlewares/Third_Party/FreeRTOS/Source/portable/RVDS/ARM_CM3/port.c 0x00000000   Number         0  port.o ABSOLUTE
    ../Middlewares/Third_Party/FreeRTOS/Source/queue.c 0x00000000   Number         0  queue.o ABSOLUTE
    ../Middlewares/Third_Party/FreeRTOS/Source/tasks.c 0x00000000   Number         0  tasks.o ABSOLUTE
    ../Middlewares/Third_Party/FreeRTOS/Source/timers.c 0x00000000   Number         0  timers.o ABSOLUTE
    ../Src/freertos.c                        0x00000000   Number         0  freertos.o ABSOLUTE
    ../Src/main.c                            0x00000000   Number         0  main.o ABSOLUTE
    ../Src/stm32f1xx_hal_msp.c               0x00000000   Number         0  stm32f1xx_hal_msp.o ABSOLUTE
    ../Src/stm32f1xx_hal_timebase_tim.c      0x00000000   Number         0  stm32f1xx_hal_timebase_tim.o ABSOLUTE
    ../Src/stm32f1xx_it.c                    0x00000000   Number         0  stm32f1xx_it.o ABSOLUTE
    ../Src/system_stm32f1xx.c                0x00000000   Number         0  system_stm32f1xx.o ABSOLUTE
    ../clib/microlib/division.c              0x00000000   Number         0  uldiv.o ABSOLUTE
    ../clib/microlib/division.c              0x00000000   Number         0  uidiv.o ABSOLUTE
    ../clib/microlib/init/entry.s            0x00000000   Number         0  entry10b.o ABSOLUTE
    ../clib/microlib/init/entry.s            0x00000000   Number         0  entry7b.o ABSOLUTE
    ../clib/microlib/init/entry.s            0x00000000   Number         0  entry7a.o ABSOLUTE
    ../clib/microlib/init/entry.s            0x00000000   Number         0  entry8a.o ABSOLUTE
    ../clib/microlib/init/entry.s            0x00000000   Number         0  entry5.o ABSOLUTE
    ../clib/microlib/init/entry.s            0x00000000   Number         0  entry11b.o ABSOLUTE
    ../clib/microlib/init/entry.s            0x00000000   Number         0  entry.o ABSOLUTE
    ../clib/microlib/init/entry.s            0x00000000   Number         0  entry11a.o ABSOLUTE
    ../clib/microlib/init/entry.s            0x00000000   Number         0  entry2.o ABSOLUTE
    ../clib/microlib/init/entry.s            0x00000000   Number         0  entry9a.o ABSOLUTE
    ../clib/microlib/init/entry.s            0x00000000   Number         0  entry9b.o ABSOLUTE
    ../clib/microlib/init/entry.s            0x00000000   Number         0  entry10a.o ABSOLUTE
    ../clib/microlib/init/entry.s            0x00000000   Number         0  entry8b.o ABSOLUTE
    ../clib/microlib/longlong.c              0x00000000   Number         0  llsshr.o ABSOLUTE
    ../clib/microlib/longlong.c              0x00000000   Number         0  llshl.o ABSOLUTE
    ../clib/microlib/longlong.c              0x00000000   Number         0  llushr.o ABSOLUTE
    ../clib/microlib/printf/printf.c         0x00000000   Number         0  printfb.o ABSOLUTE
    ../clib/microlib/printf/printf.c         0x00000000   Number         0  printf4.o ABSOLUTE
    ../clib/microlib/printf/printf.c         0x00000000   Number         0  printf0.o ABSOLUTE
    ../clib/microlib/printf/printf.c         0x00000000   Number         0  printf6.o ABSOLUTE
    ../clib/microlib/printf/printf.c         0x00000000   Number         0  printf3.o ABSOLUTE
    ../clib/microlib/printf/printf.c         0x00000000   Number         0  printf2.o ABSOLUTE
    ../clib/microlib/printf/printf.c         0x00000000   Number         0  printf1.o ABSOLUTE
    ../clib/microlib/printf/printf.c         0x00000000   Number         0  printfa.o ABSOLUTE
    ../clib/microlib/printf/printf.c         0x00000000   Number         0  printf8.o ABSOLUTE
    ../clib/microlib/printf/printf.c         0x00000000   Number         0  printf7.o ABSOLUTE
    ../clib/microlib/printf/printf.c         0x00000000   Number         0  printf5.o ABSOLUTE
    ../clib/microlib/printf/stubs.s          0x00000000   Number         0  stubs.o ABSOLUTE
    ../clib/microlib/stdio/streams.c         0x00000000   Number         0  stdout.o ABSOLUTE
    ../clib/microlib/string/memcpy.c         0x00000000   Number         0  memcpyb.o ABSOLUTE
    ../clib/microlib/string/memcpy.c         0x00000000   Number         0  memcpya.o ABSOLUTE
    ../clib/microlib/string/memset.c         0x00000000   Number         0  memseta.o ABSOLUTE
    ../clib/microlib/stubs.s                 0x00000000   Number         0  iusefp.o ABSOLUTE
    ../fplib/microlib/fpadd.c                0x00000000   Number         0  dadd.o ABSOLUTE
    ../fplib/microlib/fpdiv.c                0x00000000   Number         0  ddiv.o ABSOLUTE
    ../fplib/microlib/fpepilogue.c           0x00000000   Number         0  depilogue.o ABSOLUTE
    ../fplib/microlib/fpfix.c                0x00000000   Number         0  dfixul.o ABSOLUTE
    ../fplib/microlib/fpmul.c                0x00000000   Number         0  dmul.o ABSOLUTE
    ..\Drivers\STM32F1xx_HAL_Driver\Src\stm32f1xx_hal.c 0x00000000   Number         0  stm32f1xx_hal.o ABSOLUTE
    ..\Drivers\STM32F1xx_HAL_Driver\Src\stm32f1xx_hal_adc.c 0x00000000   Number         0  stm32f1xx_hal_adc.o ABSOLUTE
    ..\Drivers\STM32F1xx_HAL_Driver\Src\stm32f1xx_hal_adc_ex.c 0x00000000   Number         0  stm32f1xx_hal_adc_ex.o ABSOLUTE
    ..\Drivers\STM32F1xx_HAL_Driver\Src\stm32f1xx_hal_cortex.c 0x00000000   Number         0  stm32f1xx_hal_cortex.o ABSOLUTE
    ..\Drivers\STM32F1xx_HAL_Driver\Src\stm32f1xx_hal_dma.c 0x00000000   Number         0  stm32f1xx_hal_dma.o ABSOLUTE
    ..\Drivers\STM32F1xx_HAL_Driver\Src\stm32f1xx_hal_flash.c 0x00000000   Number         0  stm32f1xx_hal_flash.o ABSOLUTE
    ..\Drivers\STM32F1xx_HAL_Driver\Src\stm32f1xx_hal_flash_ex.c 0x00000000   Number         0  stm32f1xx_hal_flash_ex.o ABSOLUTE
    ..\Drivers\STM32F1xx_HAL_Driver\Src\stm32f1xx_hal_gpio.c 0x00000000   Number         0  stm32f1xx_hal_gpio.o ABSOLUTE
    ..\Drivers\STM32F1xx_HAL_Driver\Src\stm32f1xx_hal_gpio_ex.c 0x00000000   Number         0  stm32f1xx_hal_gpio_ex.o ABSOLUTE
    ..\Drivers\STM32F1xx_HAL_Driver\Src\stm32f1xx_hal_pwr.c 0x00000000   Number         0  stm32f1xx_hal_pwr.o ABSOLUTE
    ..\Drivers\STM32F1xx_HAL_Driver\Src\stm32f1xx_hal_rcc.c 0x00000000   Number         0  stm32f1xx_hal_rcc.o ABSOLUTE
    ..\Drivers\STM32F1xx_HAL_Driver\Src\stm32f1xx_hal_rcc_ex.c 0x00000000   Number         0  stm32f1xx_hal_rcc_ex.o ABSOLUTE
    ..\Drivers\STM32F1xx_HAL_Driver\Src\stm32f1xx_hal_tim.c 0x00000000   Number         0  stm32f1xx_hal_tim.o ABSOLUTE
    ..\Drivers\STM32F1xx_HAL_Driver\Src\stm32f1xx_hal_tim_ex.c 0x00000000   Number         0  stm32f1xx_hal_tim_ex.o ABSOLUTE
    ..\Drivers\STM32F1xx_HAL_Driver\Src\stm32f1xx_hal_uart.c 0x00000000   Number         0  stm32f1xx_hal_uart.o ABSOLUTE
    ..\Middlewares\Third_Party\FreeRTOS\Source\CMSIS_RTOS\cmsis_os.c 0x00000000   Number         0  cmsis_os.o ABSOLUTE
    ..\Middlewares\Third_Party\FreeRTOS\Source\portable\RVDS\ARM_CM3\port.c 0x00000000   Number         0  port.o ABSOLUTE
    ..\Src\dwt_stm32_delay.c                 0x00000000   Number         0  dwt_stm32_delay.o ABSOLUTE
    ..\Src\freertos.c                        0x00000000   Number         0  freertos.o ABSOLUTE
    ..\Src\main.c                            0x00000000   Number         0  main.o ABSOLUTE
    ..\Src\stm32f1xx_hal_msp.c               0x00000000   Number         0  stm32f1xx_hal_msp.o ABSOLUTE
    ..\Src\stm32f1xx_hal_timebase_tim.c      0x00000000   Number         0  stm32f1xx_hal_timebase_tim.o ABSOLUTE
    ..\Src\stm32f1xx_it.c                    0x00000000   Number         0  stm32f1xx_it.o ABSOLUTE
    ..\Src\system_stm32f1xx.c                0x00000000   Number         0  system_stm32f1xx.o ABSOLUTE
    ..\\Src\\dwt_stm32_delay.c               0x00000000   Number         0  dwt_stm32_delay.o ABSOLUTE
    cdrcmple.s                               0x00000000   Number         0  cdrcmple.o ABSOLUTE
    dc.s                                     0x00000000   Number         0  dc.o ABSOLUTE
    handlers.s                               0x00000000   Number         0  handlers.o ABSOLUTE
    init.s                                   0x00000000   Number         0  init.o ABSOLUTE
    startup_stm32f103xb.s                    0x00000000   Number         0  startup_stm32f103xb.o ABSOLUTE
    RESET                                    0x08000000   Section      236  startup_stm32f103xb.o(RESET)
    .ARM.Collect$$$$00000000                 0x080000ec   Section        0  entry.o(.ARM.Collect$$$$00000000)
    .ARM.Collect$$$$00000001                 0x080000ec   Section        4  entry2.o(.ARM.Collect$$$$00000001)
    .ARM.Collect$$$$00000004                 0x080000f0   Section        4  entry5.o(.ARM.Collect$$$$00000004)
    .ARM.Collect$$$$00000008                 0x080000f4   Section        0  entry7b.o(.ARM.Collect$$$$00000008)
    .ARM.Collect$$$$0000000A                 0x080000f4   Section        0  entry8b.o(.ARM.Collect$$$$0000000A)
    .ARM.Collect$$$$0000000B                 0x080000f4   Section        8  entry9a.o(.ARM.Collect$$$$0000000B)
    .ARM.Collect$$$$0000000D                 0x080000fc   Section        0  entry10a.o(.ARM.Collect$$$$0000000D)
    .ARM.Collect$$$$0000000F                 0x080000fc   Section        0  entry11a.o(.ARM.Collect$$$$0000000F)
    .ARM.Collect$$$$00002712                 0x080000fc   Section        4  entry2.o(.ARM.Collect$$$$00002712)
    __lit__00000000                          0x080000fc   Data           4  entry2.o(.ARM.Collect$$$$00002712)
    .emb_text                                0x08000100   Section      150  port.o(.emb_text)
    .text                                    0x08000198   Section       36  startup_stm32f103xb.o(.text)
    .text                                    0x080001bc   Section        0  memcpya.o(.text)
    .text                                    0x080001e0   Section        0  memseta.o(.text)
    .text                                    0x08000204   Section       36  init.o(.text)
    i.ADC_ConversionStop_Disable             0x08000228   Section        0  stm32f1xx_hal_adc.o(i.ADC_ConversionStop_Disable)
    i.ADC_DMAConvCplt                        0x08000274   Section        0  stm32f1xx_hal_adc.o(i.ADC_DMAConvCplt)
    i.ADC_DMAError                           0x080002c2   Section        0  stm32f1xx_hal_adc.o(i.ADC_DMAError)
    i.ADC_DMAHalfConvCplt                    0x080002dc   Section        0  stm32f1xx_hal_adc.o(i.ADC_DMAHalfConvCplt)
    i.ADC_Enable                             0x080002e8   Section        0  stm32f1xx_hal_adc.o(i.ADC_Enable)
    i.BusFault_Handler                       0x08000358   Section        0  stm32f1xx_it.o(i.BusFault_Handler)
    i.DHT11_start                            0x0800035c   Section        0  main.o(i.DHT11_start)
    i.DMA1_Channel1_IRQHandler               0x08000384   Section        0  stm32f1xx_it.o(i.DMA1_Channel1_IRQHandler)
    i.DMA_SetConfig                          0x08000390   Section        0  stm32f1xx_hal_dma.o(i.DMA_SetConfig)
    DMA_SetConfig                            0x08000391   Thumb Code    42  stm32f1xx_hal_dma.o(i.DMA_SetConfig)
    i.DWT_Delay_Init                         0x080003bc   Section        0  dwt_stm32_delay.o(i.DWT_Delay_Init)
    i.DWT_Delay_us                           0x08000400   Section        0  main.o(i.DWT_Delay_us)
    DWT_Delay_us                             0x08000401   Thumb Code    34  main.o(i.DWT_Delay_us)
    i.DebugMon_Handler                       0x0800042c   Section        0  stm32f1xx_it.o(i.DebugMon_Handler)
    i.Error_Handler                          0x0800042e   Section        0  main.o(i.Error_Handler)
    i.HAL_ADC_ConfigChannel                  0x08000430   Section        0  stm32f1xx_hal_adc.o(i.HAL_ADC_ConfigChannel)
    i.HAL_ADC_ConvCpltCallback               0x0800052c   Section        0  stm32f1xx_hal_adc.o(i.HAL_ADC_ConvCpltCallback)
    i.HAL_ADC_ConvHalfCpltCallback           0x0800052e   Section        0  stm32f1xx_hal_adc.o(i.HAL_ADC_ConvHalfCpltCallback)
    i.HAL_ADC_ErrorCallback                  0x08000530   Section        0  stm32f1xx_hal_adc.o(i.HAL_ADC_ErrorCallback)
    i.HAL_ADC_Init                           0x08000534   Section        0  stm32f1xx_hal_adc.o(i.HAL_ADC_Init)
    i.HAL_ADC_MspInit                        0x08000650   Section        0  stm32f1xx_hal_msp.o(i.HAL_ADC_MspInit)
    i.HAL_ADC_Start_DMA                      0x080006dc   Section        0  stm32f1xx_hal_adc.o(i.HAL_ADC_Start_DMA)
    i.HAL_ADC_Stop_DMA                       0x080007e8   Section        0  stm32f1xx_hal_adc.o(i.HAL_ADC_Stop_DMA)
    i.HAL_DMA_Abort                          0x08000834   Section        0  stm32f1xx_hal_dma.o(i.HAL_DMA_Abort)
    i.HAL_DMA_Abort_IT                       0x08000864   Section        0  stm32f1xx_hal_dma.o(i.HAL_DMA_Abort_IT)
    i.HAL_DMA_IRQHandler                     0x080008fc   Section        0  stm32f1xx_hal_dma.o(i.HAL_DMA_IRQHandler)
    i.HAL_DMA_Init                           0x08000a50   Section        0  stm32f1xx_hal_dma.o(i.HAL_DMA_Init)
    i.HAL_DMA_Start_IT                       0x08000aac   Section        0  stm32f1xx_hal_dma.o(i.HAL_DMA_Start_IT)
    i.HAL_Delay                              0x08000b1c   Section        0  stm32f1xx_hal.o(i.HAL_Delay)
    i.HAL_GPIO_Init                          0x08000b40   Section        0  stm32f1xx_hal_gpio.o(i.HAL_GPIO_Init)
    i.HAL_GPIO_ReadPin                       0x08000cfc   Section        0  stm32f1xx_hal_gpio.o(i.HAL_GPIO_ReadPin)
    i.HAL_GPIO_TogglePin                     0x08000d06   Section        0  stm32f1xx_hal_gpio.o(i.HAL_GPIO_TogglePin)
    i.HAL_GPIO_WritePin                      0x08000d0e   Section        0  stm32f1xx_hal_gpio.o(i.HAL_GPIO_WritePin)
    i.HAL_GetTick                            0x08000d18   Section        0  stm32f1xx_hal.o(i.HAL_GetTick)
    i.HAL_IncTick                            0x08000d24   Section        0  stm32f1xx_hal.o(i.HAL_IncTick)
    i.HAL_Init                               0x08000d34   Section        0  stm32f1xx_hal.o(i.HAL_Init)
    i.HAL_InitTick                           0x08000d58   Section        0  stm32f1xx_hal_timebase_tim.o(i.HAL_InitTick)
    i.HAL_MspInit                            0x08000dcc   Section        0  stm32f1xx_hal_msp.o(i.HAL_MspInit)
    i.HAL_NVIC_EnableIRQ                     0x08000e14   Section        0  stm32f1xx_hal_cortex.o(i.HAL_NVIC_EnableIRQ)
    i.HAL_NVIC_SetPriority                   0x08000e2c   Section        0  stm32f1xx_hal_cortex.o(i.HAL_NVIC_SetPriority)
    i.HAL_NVIC_SetPriorityGrouping           0x08000e6c   Section        0  stm32f1xx_hal_cortex.o(i.HAL_NVIC_SetPriorityGrouping)
    i.HAL_RCCEx_PeriphCLKConfig              0x08000e90   Section        0  stm32f1xx_hal_rcc_ex.o(i.HAL_RCCEx_PeriphCLKConfig)
    i.HAL_RCC_ClockConfig                    0x08000f7c   Section        0  stm32f1xx_hal_rcc.o(i.HAL_RCC_ClockConfig)
    i.HAL_RCC_GetClockConfig                 0x080010e8   Section        0  stm32f1xx_hal_rcc.o(i.HAL_RCC_GetClockConfig)
    i.HAL_RCC_GetHCLKFreq                    0x08001128   Section        0  stm32f1xx_hal_rcc.o(i.HAL_RCC_GetHCLKFreq)
    i.HAL_RCC_GetPCLK1Freq                   0x08001134   Section        0  stm32f1xx_hal_rcc.o(i.HAL_RCC_GetPCLK1Freq)
    i.HAL_RCC_GetPCLK2Freq                   0x08001154   Section        0  stm32f1xx_hal_rcc.o(i.HAL_RCC_GetPCLK2Freq)
    i.HAL_RCC_GetSysClockFreq                0x08001174   Section        0  stm32f1xx_hal_rcc.o(i.HAL_RCC_GetSysClockFreq)
    i.HAL_RCC_OscConfig                      0x080011e0   Section        0  stm32f1xx_hal_rcc.o(i.HAL_RCC_OscConfig)
    i.HAL_TIMEx_BreakCallback                0x080014e4   Section        0  stm32f1xx_hal_tim_ex.o(i.HAL_TIMEx_BreakCallback)
    i.HAL_TIMEx_CommutationCallback          0x080014e6   Section        0  stm32f1xx_hal_tim_ex.o(i.HAL_TIMEx_CommutationCallback)
    i.HAL_TIM_Base_Init                      0x080014e8   Section        0  stm32f1xx_hal_tim.o(i.HAL_TIM_Base_Init)
    i.HAL_TIM_Base_MspInit                   0x0800151e   Section        0  stm32f1xx_hal_tim.o(i.HAL_TIM_Base_MspInit)
    i.HAL_TIM_Base_Start_IT                  0x08001520   Section        0  stm32f1xx_hal_tim.o(i.HAL_TIM_Base_Start_IT)
    i.HAL_TIM_IC_CaptureCallback             0x08001538   Section        0  stm32f1xx_hal_tim.o(i.HAL_TIM_IC_CaptureCallback)
    i.HAL_TIM_IRQHandler                     0x0800153a   Section        0  stm32f1xx_hal_tim.o(i.HAL_TIM_IRQHandler)
    i.HAL_TIM_OC_DelayElapsedCallback        0x080016a0   Section        0  stm32f1xx_hal_tim.o(i.HAL_TIM_OC_DelayElapsedCallback)
    i.HAL_TIM_PWM_PulseFinishedCallback      0x080016a2   Section        0  stm32f1xx_hal_tim.o(i.HAL_TIM_PWM_PulseFinishedCallback)
    i.HAL_TIM_PeriodElapsedCallback          0x080016a4   Section        0  main.o(i.HAL_TIM_PeriodElapsedCallback)
    i.HAL_TIM_TriggerCallback                0x080016b8   Section        0  stm32f1xx_hal_tim.o(i.HAL_TIM_TriggerCallback)
    i.HAL_UART_ErrorCallback                 0x080016ba   Section        0  stm32f1xx_hal_uart.o(i.HAL_UART_ErrorCallback)
    i.HAL_UART_IRQHandler                    0x080016bc   Section        0  stm32f1xx_hal_uart.o(i.HAL_UART_IRQHandler)
    i.HAL_UART_Init                          0x080017cc   Section        0  stm32f1xx_hal_uart.o(i.HAL_UART_Init)
    i.HAL_UART_MspInit                       0x08001830   Section        0  stm32f1xx_hal_msp.o(i.HAL_UART_MspInit)
    i.HAL_UART_Receive_IT                    0x080018b4   Section        0  stm32f1xx_hal_uart.o(i.HAL_UART_Receive_IT)
    i.HAL_UART_RxCpltCallback                0x08001908   Section        0  main.o(i.HAL_UART_RxCpltCallback)
    i.HAL_UART_Transmit                      0x080019b0   Section        0  stm32f1xx_hal_uart.o(i.HAL_UART_Transmit)
    i.HAL_UART_TxCpltCallback                0x08001a6a   Section        0  stm32f1xx_hal_uart.o(i.HAL_UART_TxCpltCallback)
    i.HardFault_Handler                      0x08001a6c   Section        0  stm32f1xx_it.o(i.HardFault_Handler)
    i.LCD_Enable                             0x08001a70   Section        0  main.o(i.LCD_Enable)
    i.LCD_Gotoxy                             0x08001a9c   Section        0  main.o(i.LCD_Gotoxy)
    i.LCD_Init                               0x08001abc   Section        0  main.o(i.LCD_Init)
    i.LCD_PutChar                            0x08001b1c   Section        0  main.o(i.LCD_PutChar)
    i.LCD_Puts                               0x08001b44   Section        0  main.o(i.LCD_Puts)
    i.LCD_Send4Bit                           0x08001b5c   Section        0  main.o(i.LCD_Send4Bit)
    i.LCD_SendCommand                        0x08001b9c   Section        0  main.o(i.LCD_SendCommand)
    i.MX_ADC1_Init                           0x08001bb8   Section        0  main.o(i.MX_ADC1_Init)
    MX_ADC1_Init                             0x08001bb9   Thumb Code    56  main.o(i.MX_ADC1_Init)
    i.MX_GPIO_Init                           0x08001bf8   Section        0  main.o(i.MX_GPIO_Init)
    MX_GPIO_Init                             0x08001bf9   Thumb Code   162  main.o(i.MX_GPIO_Init)
    i.MemManage_Handler                      0x08001ca8   Section        0  stm32f1xx_it.o(i.MemManage_Handler)
    i.NMI_Handler                            0x08001caa   Section        0  stm32f1xx_it.o(i.NMI_Handler)
    i.NVIC_SetPriority                       0x08001cac   Section        0  stm32f1xx_hal_cortex.o(i.NVIC_SetPriority)
    NVIC_SetPriority                         0x08001cad   Thumb Code    32  stm32f1xx_hal_cortex.o(i.NVIC_SetPriority)
    i.StartTask01                            0x08001ccc   Section        0  main.o(i.StartTask01)
    i.StartTask02                            0x08001d9c   Section        0  main.o(i.StartTask02)
    i.StartTask03                            0x08001e08   Section        0  main.o(i.StartTask03)
    i.SysTick_Handler                        0x08001e74   Section        0  port.o(i.SysTick_Handler)
    i.SystemClock_Config                     0x08001ea0   Section        0  main.o(i.SystemClock_Config)
    i.SystemInit                             0x08001efc   Section        0  system_stm32f1xx.o(i.SystemInit)
    i.TIM4_IRQHandler                        0x08001f44   Section        0  stm32f1xx_it.o(i.TIM4_IRQHandler)
    i.TIM_Base_SetConfig                     0x08001f50   Section        0  stm32f1xx_hal_tim.o(i.TIM_Base_SetConfig)
    i.UART_DMAAbortOnError                   0x08001fbc   Section        0  stm32f1xx_hal_uart.o(i.UART_DMAAbortOnError)
    UART_DMAAbortOnError                     0x08001fbd   Thumb Code    16  stm32f1xx_hal_uart.o(i.UART_DMAAbortOnError)
    i.UART_EndRxTransfer                     0x08001fcc   Section        0  stm32f1xx_hal_uart.o(i.UART_EndRxTransfer)
    UART_EndRxTransfer                       0x08001fcd   Thumb Code    28  stm32f1xx_hal_uart.o(i.UART_EndRxTransfer)
    i.UART_Receive_IT                        0x08001fe8   Section        0  stm32f1xx_hal_uart.o(i.UART_Receive_IT)
    UART_Receive_IT                          0x08001fe9   Thumb Code   150  stm32f1xx_hal_uart.o(i.UART_Receive_IT)
    i.UART_SetConfig                         0x08002080   Section        0  stm32f1xx_hal_uart.o(i.UART_SetConfig)
    UART_SetConfig                           0x08002081   Thumb Code   364  stm32f1xx_hal_uart.o(i.UART_SetConfig)
    i.UART_Transmit_IT                       0x080021f0   Section        0  stm32f1xx_hal_uart.o(i.UART_Transmit_IT)
    UART_Transmit_IT                         0x080021f1   Thumb Code    98  stm32f1xx_hal_uart.o(i.UART_Transmit_IT)
    i.UART_WaitOnFlagUntilTimeout            0x08002252   Section        0  stm32f1xx_hal_uart.o(i.UART_WaitOnFlagUntilTimeout)
    UART_WaitOnFlagUntilTimeout              0x08002253   Thumb Code   100  stm32f1xx_hal_uart.o(i.UART_WaitOnFlagUntilTimeout)
    i.USART1_IRQHandler                      0x080022b8   Section        0  stm32f1xx_it.o(i.USART1_IRQHandler)
    i.UsageFault_Handler                     0x080022c4   Section        0  stm32f1xx_it.o(i.UsageFault_Handler)
    i.__0printf$2                            0x080022c8   Section        0  printf2.o(i.__0printf$2)
    i.__scatterload_copy                     0x080022e8   Section       14  handlers.o(i.__scatterload_copy)
    i.__scatterload_null                     0x080022f6   Section        2  handlers.o(i.__scatterload_null)
    i.__scatterload_zeroinit                 0x080022f8   Section       14  handlers.o(i.__scatterload_zeroinit)
    i._printf_core                           0x08002306   Section        0  printf2.o(i._printf_core)
    _printf_core                             0x08002307   Thumb Code   214  printf2.o(i._printf_core)
    i.check_response                         0x080023dc   Section        0  main.o(i.check_response)
    i.fputc                                  0x0800240c   Section        0  main.o(i.fputc)
    i.inHandlerMode                          0x08002424   Section        0  cmsis_os.o(i.inHandlerMode)
    inHandlerMode                            0x08002425   Thumb Code    12  cmsis_os.o(i.inHandlerMode)
    i.main                                   0x08002430   Section        0  main.o(i.main)
    i.makeFreeRtosPriority                   0x0800250c   Section        0  cmsis_os.o(i.makeFreeRtosPriority)
    makeFreeRtosPriority                     0x0800250d   Thumb Code    12  cmsis_os.o(i.makeFreeRtosPriority)
    i.osDelay                                0x08002518   Section        0  cmsis_os.o(i.osDelay)
    i.osKernelStart                          0x08002526   Section        0  cmsis_os.o(i.osKernelStart)
    i.osSemaphoreCreate                      0x08002530   Section        0  cmsis_os.o(i.osSemaphoreCreate)
    i.osSemaphoreRelease                     0x08002558   Section        0  cmsis_os.o(i.osSemaphoreRelease)
    i.osSemaphoreWait                        0x080025a8   Section        0  cmsis_os.o(i.osSemaphoreWait)
    i.osThreadCreate                         0x08002610   Section        0  cmsis_os.o(i.osThreadCreate)
    i.prvAddCurrentTaskToDelayedList         0x08002640   Section        0  tasks.o(i.prvAddCurrentTaskToDelayedList)
    prvAddCurrentTaskToDelayedList           0x08002641   Thumb Code   102  tasks.o(i.prvAddCurrentTaskToDelayedList)
    i.prvAddNewTaskToReadyList               0x080026b0   Section        0  tasks.o(i.prvAddNewTaskToReadyList)
    prvAddNewTaskToReadyList                 0x080026b1   Thumb Code   194  tasks.o(i.prvAddNewTaskToReadyList)
    i.prvCheckTasksWaitingTermination        0x08002780   Section        0  tasks.o(i.prvCheckTasksWaitingTermination)
    prvCheckTasksWaitingTermination          0x08002781   Thumb Code    70  tasks.o(i.prvCheckTasksWaitingTermination)
    i.prvCopyDataFromQueue                   0x080027d0   Section        0  queue.o(i.prvCopyDataFromQueue)
    prvCopyDataFromQueue                     0x080027d1   Thumb Code    38  queue.o(i.prvCopyDataFromQueue)
    i.prvCopyDataToQueue                     0x080027f6   Section        0  queue.o(i.prvCopyDataToQueue)
    prvCopyDataToQueue                       0x080027f7   Thumb Code   108  queue.o(i.prvCopyDataToQueue)
    i.prvDeleteTCB                           0x08002862   Section        0  tasks.o(i.prvDeleteTCB)
    prvDeleteTCB                             0x08002863   Thumb Code    20  tasks.o(i.prvDeleteTCB)
    i.prvHeapInit                            0x08002878   Section        0  heap_4.o(i.prvHeapInit)
    prvHeapInit                              0x08002879   Thumb Code    66  heap_4.o(i.prvHeapInit)
    i.prvIdleTask                            0x080028c4   Section        0  tasks.o(i.prvIdleTask)
    prvIdleTask                              0x080028c5   Thumb Code    30  tasks.o(i.prvIdleTask)
    i.prvInitialiseNewTask                   0x080028ec   Section        0  tasks.o(i.prvInitialiseNewTask)
    prvInitialiseNewTask                     0x080028ed   Thumb Code   142  tasks.o(i.prvInitialiseNewTask)
    i.prvInsertBlockIntoFreeList             0x0800297c   Section        0  heap_4.o(i.prvInsertBlockIntoFreeList)
    prvInsertBlockIntoFreeList               0x0800297d   Thumb Code    72  heap_4.o(i.prvInsertBlockIntoFreeList)
    i.prvIsQueueEmpty                        0x080029c8   Section        0  queue.o(i.prvIsQueueEmpty)
    prvIsQueueEmpty                          0x080029c9   Thumb Code    28  queue.o(i.prvIsQueueEmpty)
    i.prvResetNextTaskUnblockTime            0x080029e4   Section        0  tasks.o(i.prvResetNextTaskUnblockTime)
    prvResetNextTaskUnblockTime              0x080029e5   Thumb Code    26  tasks.o(i.prvResetNextTaskUnblockTime)
    i.prvTaskExitError                       0x08002a04   Section        0  port.o(i.prvTaskExitError)
    prvTaskExitError                         0x08002a05   Thumb Code    36  port.o(i.prvTaskExitError)
    i.prvUnlockQueue                         0x08002a2c   Section        0  queue.o(i.prvUnlockQueue)
    prvUnlockQueue                           0x08002a2d   Thumb Code   106  queue.o(i.prvUnlockQueue)
    i.pvPortMalloc                           0x08002a98   Section        0  heap_4.o(i.pvPortMalloc)
    i.pvTaskIncrementMutexHeldCount          0x08002b70   Section        0  tasks.o(i.pvTaskIncrementMutexHeldCount)
    i.pxPortInitialiseStack                  0x08002b88   Section        0  port.o(i.pxPortInitialiseStack)
    i.read_data                              0x08002bac   Section        0  main.o(i.read_data)
    i.set_gpio_input                         0x08002c08   Section        0  main.o(i.set_gpio_input)
    i.set_gpio_output                        0x08002c28   Section        0  main.o(i.set_gpio_output)
    i.uxListRemove                           0x08002c48   Section        0  list.o(i.uxListRemove)
    i.vListInitialise                        0x08002c6c   Section        0  list.o(i.vListInitialise)
    i.vListInitialiseItem                    0x08002c82   Section        0  list.o(i.vListInitialiseItem)
    i.vListInsert                            0x08002c88   Section        0  list.o(i.vListInsert)
    i.vListInsertEnd                         0x08002cb8   Section        0  list.o(i.vListInsertEnd)
    i.vPortEnterCritical                     0x08002cd0   Section        0  port.o(i.vPortEnterCritical)
    i.vPortExitCritical                      0x08002d10   Section        0  port.o(i.vPortExitCritical)
    i.vPortFree                              0x08002d38   Section        0  heap_4.o(i.vPortFree)
    i.vPortSetupTimerInterrupt               0x08002d94   Section        0  port.o(i.vPortSetupTimerInterrupt)
    i.vPortValidateInterruptPriority         0x08002db4   Section        0  port.o(i.vPortValidateInterruptPriority)
    i.vTaskDelay                             0x08002e08   Section        0  tasks.o(i.vTaskDelay)
    i.vTaskMissedYield                       0x08002e54   Section        0  tasks.o(i.vTaskMissedYield)
    i.vTaskPlaceOnEventList                  0x08002e60   Section        0  tasks.o(i.vTaskPlaceOnEventList)
    i.vTaskPriorityInherit                   0x08002e90   Section        0  tasks.o(i.vTaskPriorityInherit)
    i.vTaskSetTimeOutState                   0x08002f14   Section        0  tasks.o(i.vTaskSetTimeOutState)
    i.vTaskStartScheduler                    0x08002f38   Section        0  tasks.o(i.vTaskStartScheduler)
    i.vTaskSuspendAll                        0x08002fa0   Section        0  tasks.o(i.vTaskSuspendAll)
    i.vTaskSwitchContext                     0x08002fb0   Section        0  tasks.o(i.vTaskSwitchContext)
    i.xPortStartScheduler                    0x0800300c   Section        0  port.o(i.xPortStartScheduler)
    i.xQueueGenericCreate                    0x08003080   Section        0  queue.o(i.xQueueGenericCreate)
    i.xQueueGenericReceive                   0x080030c8   Section        0  queue.o(i.xQueueGenericReceive)
    i.xQueueGenericReset                     0x08003234   Section        0  queue.o(i.xQueueGenericReset)
    i.xQueueGenericSend                      0x080032bc   Section        0  queue.o(i.xQueueGenericSend)
    i.xQueueGiveFromISR                      0x0800341c   Section        0  queue.o(i.xQueueGiveFromISR)
    i.xQueueReceiveFromISR                   0x080034b8   Section        0  queue.o(i.xQueueReceiveFromISR)
    i.xTaskCheckForTimeOut                   0x08003554   Section        0  tasks.o(i.xTaskCheckForTimeOut)
    i.xTaskCreate                            0x080035c0   Section        0  tasks.o(i.xTaskCreate)
    i.xTaskGetSchedulerState                 0x08003618   Section        0  tasks.o(i.xTaskGetSchedulerState)
    i.xTaskIncrementTick                     0x08003634   Section        0  tasks.o(i.xTaskIncrementTick)
    i.xTaskPriorityDisinherit                0x080036fc   Section        0  tasks.o(i.xTaskPriorityDisinherit)
    i.xTaskRemoveFromEventList               0x08003794   Section        0  tasks.o(i.xTaskRemoveFromEventList)
    i.xTaskResumeAll                         0x08003808   Section        0  tasks.o(i.xTaskResumeAll)
    .constdata                               0x080038cc   Section       60  main.o(.constdata)
    .constdata                               0x08003908   Section       16  system_stm32f1xx.o(.constdata)
    .constdata                               0x08003918   Section        8  system_stm32f1xx.o(.constdata)
    .conststring                             0x08003920   Section       33  main.o(.conststring)
    .data                                    0x20000000   Section       39  main.o(.data)
    .data                                    0x20000028   Section       12  stm32f1xx_hal.o(.data)
    .data                                    0x20000034   Section        4  system_stm32f1xx.o(.data)
    .data                                    0x20000038   Section       60  tasks.o(.data)
    uxDeletedTasksWaitingCleanUp             0x2000003c   Data           4  tasks.o(.data)
    uxCurrentNumberOfTasks                   0x20000040   Data           4  tasks.o(.data)
    xTickCount                               0x20000044   Data           4  tasks.o(.data)
    uxTopReadyPriority                       0x20000048   Data           4  tasks.o(.data)
    xSchedulerRunning                        0x2000004c   Data           4  tasks.o(.data)
    uxPendedTicks                            0x20000050   Data           4  tasks.o(.data)
    xYieldPending                            0x20000054   Data           4  tasks.o(.data)
    xNumOfOverflows                          0x20000058   Data           4  tasks.o(.data)
    uxTaskNumber                             0x2000005c   Data           4  tasks.o(.data)
    xNextTaskUnblockTime                     0x20000060   Data           4  tasks.o(.data)
    xIdleTaskHandle                          0x20000064   Data           4  tasks.o(.data)
    uxSchedulerSuspended                     0x20000068   Data           4  tasks.o(.data)
    pxDelayedTaskList                        0x2000006c   Data           4  tasks.o(.data)
    pxOverflowDelayedTaskList                0x20000070   Data           4  tasks.o(.data)
    .data                                    0x20000074   Section       24  heap_4.o(.data)
    pxEnd                                    0x20000074   Data           4  heap_4.o(.data)
    xFreeBytesRemaining                      0x20000078   Data           4  heap_4.o(.data)
    xMinimumEverFreeBytesRemaining           0x2000007c   Data           4  heap_4.o(.data)
    xBlockAllocatedBit                       0x20000080   Data           4  heap_4.o(.data)
    xStart                                   0x20000084   Data           8  heap_4.o(.data)
    .data                                    0x2000008c   Section       12  port.o(.data)
    ucMaxSysCallPriority                     0x2000008c   Data           1  port.o(.data)
    uxCriticalNesting                        0x20000090   Data           4  port.o(.data)
    ulMaxPRIGROUPValue                       0x20000094   Data           4  port.o(.data)
    .data                                    0x20000098   Section        4  stdout.o(.data)
    .bss                                     0x2000009c   Section      148  main.o(.bss)
    .bss                                     0x20000130   Section       68  main.o(.bss)
    .bss                                     0x20000174   Section       64  stm32f1xx_hal_timebase_tim.o(.bss)
    .bss                                     0x200001b4   Section      240  tasks.o(.bss)
    pxReadyTasksLists                        0x200001b4   Data         140  tasks.o(.bss)
    xDelayedTaskList1                        0x20000240   Data          20  tasks.o(.bss)
    xDelayedTaskList2                        0x20000254   Data          20  tasks.o(.bss)
    xPendingReadyList                        0x20000268   Data          20  tasks.o(.bss)
    xTasksWaitingTermination                 0x2000027c   Data          20  tasks.o(.bss)
    xSuspendedTaskList                       0x20000290   Data          20  tasks.o(.bss)
    .bss                                     0x200002a4   Section     3072  heap_4.o(.bss)
    ucHeap                                   0x200002a4   Data        3072  heap_4.o(.bss)
    STACK                                    0x20000ea8   Section     1024  startup_stm32f103xb.o(STACK)

    Global Symbols

    Symbol Name                              Value     Ov Type        Size  Object(Section)

    BuildAttributes$$THM_ISAv4$P$D$K$B$S$PE$A:L22UL41UL21$X:L11$S22US41US21$IEEE1$IW$USESV6$~STKCKD$USESV7$~SHL$OSPACE$ROPI$EBA8$MICROLIB$REQ8$PRES8$EABIv2 0x00000000   Number         0  anon$$obj.o ABSOLUTE
    __ARM_use_no_argv                        0x00000000   Number         0  main.o ABSOLUTE
    _printf_a                                0x00000000   Number         0  stubs.o ABSOLUTE
    _printf_c                                0x00000000   Number         0  stubs.o ABSOLUTE
    _printf_charcount                        0x00000000   Number         0  stubs.o ABSOLUTE
    _printf_d                                0x00000000   Number         0  stubs.o ABSOLUTE
    _printf_e                                0x00000000   Number         0  stubs.o ABSOLUTE
    _printf_f                                0x00000000   Number         0  stubs.o ABSOLUTE
    _printf_flags                            0x00000000   Number         0  stubs.o ABSOLUTE
    _printf_fp_dec                           0x00000000   Number         0  stubs.o ABSOLUTE
    _printf_fp_hex                           0x00000000   Number         0  stubs.o ABSOLUTE
    _printf_g                                0x00000000   Number         0  stubs.o ABSOLUTE
    _printf_i                                0x00000000   Number         0  stubs.o ABSOLUTE
    _printf_int_dec                          0x00000000   Number         0  stubs.o ABSOLUTE
    _printf_l                                0x00000000   Number         0  stubs.o ABSOLUTE
    _printf_lc                               0x00000000   Number         0  stubs.o ABSOLUTE
    _printf_ll                               0x00000000   Number         0  stubs.o ABSOLUTE
    _printf_lld                              0x00000000   Number         0  stubs.o ABSOLUTE
    _printf_lli                              0x00000000   Number         0  stubs.o ABSOLUTE
    _printf_llo                              0x00000000   Number         0  stubs.o ABSOLUTE
    _printf_llu                              0x00000000   Number         0  stubs.o ABSOLUTE
    _printf_llx                              0x00000000   Number         0  stubs.o ABSOLUTE
    _printf_longlong_dec                     0x00000000   Number         0  stubs.o ABSOLUTE
    _printf_longlong_hex                     0x00000000   Number         0  stubs.o ABSOLUTE
    _printf_longlong_oct                     0x00000000   Number         0  stubs.o ABSOLUTE
    _printf_ls                               0x00000000   Number         0  stubs.o ABSOLUTE
    _printf_mbtowc                           0x00000000   Number         0  stubs.o ABSOLUTE
    _printf_n                                0x00000000   Number         0  stubs.o ABSOLUTE
    _printf_o                                0x00000000   Number         0  stubs.o ABSOLUTE
    _printf_p                                0x00000000   Number         0  stubs.o ABSOLUTE
    _printf_percent                          0x00000000   Number         0  stubs.o ABSOLUTE
    _printf_pre_padding                      0x00000000   Number         0  stubs.o ABSOLUTE
    _printf_return_value                     0x00000000   Number         0  stubs.o ABSOLUTE
    _printf_s                                0x00000000   Number         0  stubs.o ABSOLUTE
    _printf_sizespec                         0x00000000   Number         0  stubs.o ABSOLUTE
    _printf_str                              0x00000000   Number         0  stubs.o ABSOLUTE
    _printf_truncate_signed                  0x00000000   Number         0  stubs.o ABSOLUTE
    _printf_truncate_unsigned                0x00000000   Number         0  stubs.o ABSOLUTE
    _printf_u                                0x00000000   Number         0  stubs.o ABSOLUTE
    _printf_wc                               0x00000000   Number         0  stubs.o ABSOLUTE
    _printf_wctomb                           0x00000000   Number         0  stubs.o ABSOLUTE
    _printf_widthprec                        0x00000000   Number         0  stubs.o ABSOLUTE
    _printf_x                                0x00000000   Number         0  stubs.o ABSOLUTE
    __cpp_initialize__aeabi_                  - Undefined Weak Reference
    __cxa_finalize                            - Undefined Weak Reference
    __decompress                              - Undefined Weak Reference
    _clock_init                               - Undefined Weak Reference
    _microlib_exit                            - Undefined Weak Reference
    __Vectors_Size                           0x000000ec   Number         0  startup_stm32f103xb.o ABSOLUTE
    __Vectors                                0x08000000   Data           4  startup_stm32f103xb.o(RESET)
    __Vectors_End                            0x080000ec   Data           0  startup_stm32f103xb.o(RESET)
    __main                                   0x080000ed   Thumb Code     0  entry.o(.ARM.Collect$$$$00000000)
    _main_stk                                0x080000ed   Thumb Code     0  entry2.o(.ARM.Collect$$$$00000001)
    _main_scatterload                        0x080000f1   Thumb Code     0  entry5.o(.ARM.Collect$$$$00000004)
    __main_after_scatterload                 0x080000f5   Thumb Code     0  entry5.o(.ARM.Collect$$$$00000004)
    _main_clock                              0x080000f5   Thumb Code     0  entry7b.o(.ARM.Collect$$$$00000008)
    _main_cpp_init                           0x080000f5   Thumb Code     0  entry8b.o(.ARM.Collect$$$$0000000A)
    _main_init                               0x080000f5   Thumb Code     0  entry9a.o(.ARM.Collect$$$$0000000B)
    __rt_final_cpp                           0x080000fd   Thumb Code     0  entry10a.o(.ARM.Collect$$$$0000000D)
    __rt_final_exit                          0x080000fd   Thumb Code     0  entry11a.o(.ARM.Collect$$$$0000000F)
    SVC_Handler                              0x08000101   Thumb Code    32  port.o(.emb_text)
    __asm___6_port_c_39a90d8d__prvStartFirstTask 0x08000125   Thumb Code    28  port.o(.emb_text)
    PendSV_Handler                           0x08000145   Thumb Code    72  port.o(.emb_text)
    vPortGetIPSR                             0x08000191   Thumb Code     6  port.o(.emb_text)
    Reset_Handler                            0x08000199   Thumb Code     8  startup_stm32f103xb.o(.text)
    ADC1_2_IRQHandler                        0x080001b3   Thumb Code     0  startup_stm32f103xb.o(.text)
    CAN1_RX1_IRQHandler                      0x080001b3   Thumb Code     0  startup_stm32f103xb.o(.text)
    CAN1_SCE_IRQHandler                      0x080001b3   Thumb Code     0  startup_stm32f103xb.o(.text)
    DMA1_Channel2_IRQHandler                 0x080001b3   Thumb Code     0  startup_stm32f103xb.o(.text)
    DMA1_Channel3_IRQHandler                 0x080001b3   Thumb Code     0  startup_stm32f103xb.o(.text)
    DMA1_Channel4_IRQHandler                 0x080001b3   Thumb Code     0  startup_stm32f103xb.o(.text)
    DMA1_Channel5_IRQHandler                 0x080001b3   Thumb Code     0  startup_stm32f103xb.o(.text)
    DMA1_Channel6_IRQHandler                 0x080001b3   Thumb Code     0  startup_stm32f103xb.o(.text)
    DMA1_Channel7_IRQHandler                 0x080001b3   Thumb Code     0  startup_stm32f103xb.o(.text)
    EXTI0_IRQHandler                         0x080001b3   Thumb Code     0  startup_stm32f103xb.o(.text)
    EXTI15_10_IRQHandler                     0x080001b3   Thumb Code     0  startup_stm32f103xb.o(.text)
    EXTI1_IRQHandler                         0x080001b3   Thumb Code     0  startup_stm32f103xb.o(.text)
    EXTI2_IRQHandler                         0x080001b3   Thumb Code     0  startup_stm32f103xb.o(.text)
    EXTI3_IRQHandler                         0x080001b3   Thumb Code     0  startup_stm32f103xb.o(.text)
    EXTI4_IRQHandler                         0x080001b3   Thumb Code     0  startup_stm32f103xb.o(.text)
    EXTI9_5_IRQHandler                       0x080001b3   Thumb Code     0  startup_stm32f103xb.o(.text)
    FLASH_IRQHandler                         0x080001b3   Thumb Code     0  startup_stm32f103xb.o(.text)
    I2C1_ER_IRQHandler                       0x080001b3   Thumb Code     0  startup_stm32f103xb.o(.text)
    I2C1_EV_IRQHandler                       0x080001b3   Thumb Code     0  startup_stm32f103xb.o(.text)
    I2C2_ER_IRQHandler                       0x080001b3   Thumb Code     0  startup_stm32f103xb.o(.text)
    I2C2_EV_IRQHandler                       0x080001b3   Thumb Code     0  startup_stm32f103xb.o(.text)
    PVD_IRQHandler                           0x080001b3   Thumb Code     0  startup_stm32f103xb.o(.text)
    RCC_IRQHandler                           0x080001b3   Thumb Code     0  startup_stm32f103xb.o(.text)
    RTC_Alarm_IRQHandler                     0x080001b3   Thumb Code     0  startup_stm32f103xb.o(.text)
    RTC_IRQHandler                           0x080001b3   Thumb Code     0  startup_stm32f103xb.o(.text)
    SPI1_IRQHandler                          0x080001b3   Thumb Code     0  startup_stm32f103xb.o(.text)
    SPI2_IRQHandler                          0x080001b3   Thumb Code     0  startup_stm32f103xb.o(.text)
    TAMPER_IRQHandler                        0x080001b3   Thumb Code     0  startup_stm32f103xb.o(.text)
    TIM1_BRK_IRQHandler                      0x080001b3   Thumb Code     0  startup_stm32f103xb.o(.text)
    TIM1_CC_IRQHandler                       0x080001b3   Thumb Code     0  startup_stm32f103xb.o(.text)
    TIM1_TRG_COM_IRQHandler                  0x080001b3   Thumb Code     0  startup_stm32f103xb.o(.text)
    TIM1_UP_IRQHandler                       0x080001b3   Thumb Code     0  startup_stm32f103xb.o(.text)
    TIM2_IRQHandler                          0x080001b3   Thumb Code     0  startup_stm32f103xb.o(.text)
    TIM3_IRQHandler                          0x080001b3   Thumb Code     0  startup_stm32f103xb.o(.text)
    USART2_IRQHandler                        0x080001b3   Thumb Code     0  startup_stm32f103xb.o(.text)
    USART3_IRQHandler                        0x080001b3   Thumb Code     0  startup_stm32f103xb.o(.text)
    USBWakeUp_IRQHandler                     0x080001b3   Thumb Code     0  startup_stm32f103xb.o(.text)
    USB_HP_CAN1_TX_IRQHandler                0x080001b3   Thumb Code     0  startup_stm32f103xb.o(.text)
    USB_LP_CAN1_RX0_IRQHandler               0x080001b3   Thumb Code     0  startup_stm32f103xb.o(.text)
    WWDG_IRQHandler                          0x080001b3   Thumb Code     0  startup_stm32f103xb.o(.text)
    __aeabi_memcpy                           0x080001bd   Thumb Code    36  memcpya.o(.text)
    __aeabi_memcpy4                          0x080001bd   Thumb Code     0  memcpya.o(.text)
    __aeabi_memcpy8                          0x080001bd   Thumb Code     0  memcpya.o(.text)
    __aeabi_memset                           0x080001e1   Thumb Code    14  memseta.o(.text)
    __aeabi_memset4                          0x080001e1   Thumb Code     0  memseta.o(.text)
    __aeabi_memset8                          0x080001e1   Thumb Code     0  memseta.o(.text)
    __aeabi_memclr                           0x080001ef   Thumb Code     4  memseta.o(.text)
    __aeabi_memclr4                          0x080001ef   Thumb Code     0  memseta.o(.text)
    __aeabi_memclr8                          0x080001ef   Thumb Code     0  memseta.o(.text)
    _memset$wrapper                          0x080001f3   Thumb Code    18  memseta.o(.text)
    __scatterload                            0x08000205   Thumb Code    28  init.o(.text)
    __scatterload_rt2                        0x08000205   Thumb Code     0  init.o(.text)
    ADC_ConversionStop_Disable               0x08000229   Thumb Code    76  stm32f1xx_hal_adc.o(i.ADC_ConversionStop_Disable)
    ADC_DMAConvCplt                          0x08000275   Thumb Code    78  stm32f1xx_hal_adc.o(i.ADC_DMAConvCplt)
    ADC_DMAError                             0x080002c3   Thumb Code    26  stm32f1xx_hal_adc.o(i.ADC_DMAError)
    ADC_DMAHalfConvCplt                      0x080002dd   Thumb Code    10  stm32f1xx_hal_adc.o(i.ADC_DMAHalfConvCplt)
    ADC_Enable                               0x080002e9   Thumb Code   104  stm32f1xx_hal_adc.o(i.ADC_Enable)
    BusFault_Handler                         0x08000359   Thumb Code     2  stm32f1xx_it.o(i.BusFault_Handler)
    DHT11_start                              0x0800035d   Thumb Code    34  main.o(i.DHT11_start)
    DMA1_Channel1_IRQHandler                 0x08000385   Thumb Code     6  stm32f1xx_it.o(i.DMA1_Channel1_IRQHandler)
    DWT_Delay_Init                           0x080003bd   Thumb Code    58  dwt_stm32_delay.o(i.DWT_Delay_Init)
    DebugMon_Handler                         0x0800042d   Thumb Code     2  stm32f1xx_it.o(i.DebugMon_Handler)
    Error_Handler                            0x0800042f   Thumb Code     2  main.o(i.Error_Handler)
    HAL_ADC_ConfigChannel                    0x08000431   Thumb Code   240  stm32f1xx_hal_adc.o(i.HAL_ADC_ConfigChannel)
    HAL_ADC_ConvCpltCallback                 0x0800052d   Thumb Code     2  stm32f1xx_hal_adc.o(i.HAL_ADC_ConvCpltCallback)
    HAL_ADC_ConvHalfCpltCallback             0x0800052f   Thumb Code     2  stm32f1xx_hal_adc.o(i.HAL_ADC_ConvHalfCpltCallback)
    HAL_ADC_ErrorCallback                    0x08000531   Thumb Code     2  stm32f1xx_hal_adc.o(i.HAL_ADC_ErrorCallback)
    HAL_ADC_Init                             0x08000535   Thumb Code   272  stm32f1xx_hal_adc.o(i.HAL_ADC_Init)
    HAL_ADC_MspInit                          0x08000651   Thumb Code   118  stm32f1xx_hal_msp.o(i.HAL_ADC_MspInit)
    HAL_ADC_Start_DMA                        0x080006dd   Thumb Code   246  stm32f1xx_hal_adc.o(i.HAL_ADC_Start_DMA)
    HAL_ADC_Stop_DMA                         0x080007e9   Thumb Code    76  stm32f1xx_hal_adc.o(i.HAL_ADC_Stop_DMA)
    HAL_DMA_Abort                            0x08000835   Thumb Code    48  stm32f1xx_hal_dma.o(i.HAL_DMA_Abort)
    HAL_DMA_Abort_IT                         0x08000865   Thumb Code   148  stm32f1xx_hal_dma.o(i.HAL_DMA_Abort_IT)
    HAL_DMA_IRQHandler                       0x080008fd   Thumb Code   316  stm32f1xx_hal_dma.o(i.HAL_DMA_IRQHandler)
    HAL_DMA_Init                             0x08000a51   Thumb Code    84  stm32f1xx_hal_dma.o(i.HAL_DMA_Init)
    HAL_DMA_Start_IT                         0x08000aad   Thumb Code   112  stm32f1xx_hal_dma.o(i.HAL_DMA_Start_IT)
    HAL_Delay                                0x08000b1d   Thumb Code    32  stm32f1xx_hal.o(i.HAL_Delay)
    HAL_GPIO_Init                            0x08000b41   Thumb Code   408  stm32f1xx_hal_gpio.o(i.HAL_GPIO_Init)
    HAL_GPIO_ReadPin                         0x08000cfd   Thumb Code    10  stm32f1xx_hal_gpio.o(i.HAL_GPIO_ReadPin)
    HAL_GPIO_TogglePin                       0x08000d07   Thumb Code     8  stm32f1xx_hal_gpio.o(i.HAL_GPIO_TogglePin)
    HAL_GPIO_WritePin                        0x08000d0f   Thumb Code    10  stm32f1xx_hal_gpio.o(i.HAL_GPIO_WritePin)
    HAL_GetTick                              0x08000d19   Thumb Code     6  stm32f1xx_hal.o(i.HAL_GetTick)
    HAL_IncTick                              0x08000d25   Thumb Code    12  stm32f1xx_hal.o(i.HAL_IncTick)
    HAL_Init                                 0x08000d35   Thumb Code    32  stm32f1xx_hal.o(i.HAL_Init)
    HAL_InitTick                             0x08000d59   Thumb Code   100  stm32f1xx_hal_timebase_tim.o(i.HAL_InitTick)
    HAL_MspInit                              0x08000dcd   Thumb Code    62  stm32f1xx_hal_msp.o(i.HAL_MspInit)
    HAL_NVIC_EnableIRQ                       0x08000e15   Thumb Code    22  stm32f1xx_hal_cortex.o(i.HAL_NVIC_EnableIRQ)
    HAL_NVIC_SetPriority                     0x08000e2d   Thumb Code    60  stm32f1xx_hal_cortex.o(i.HAL_NVIC_SetPriority)
    HAL_NVIC_SetPriorityGrouping             0x08000e6d   Thumb Code    26  stm32f1xx_hal_cortex.o(i.HAL_NVIC_SetPriorityGrouping)
    HAL_RCCEx_PeriphCLKConfig                0x08000e91   Thumb Code   224  stm32f1xx_hal_rcc_ex.o(i.HAL_RCCEx_PeriphCLKConfig)
    HAL_RCC_ClockConfig                      0x08000f7d   Thumb Code   346  stm32f1xx_hal_rcc.o(i.HAL_RCC_ClockConfig)
    HAL_RCC_GetClockConfig                   0x080010e9   Thumb Code    54  stm32f1xx_hal_rcc.o(i.HAL_RCC_GetClockConfig)
    HAL_RCC_GetHCLKFreq                      0x08001129   Thumb Code     6  stm32f1xx_hal_rcc.o(i.HAL_RCC_GetHCLKFreq)
    HAL_RCC_GetPCLK1Freq                     0x08001135   Thumb Code    20  stm32f1xx_hal_rcc.o(i.HAL_RCC_GetPCLK1Freq)
    HAL_RCC_GetPCLK2Freq                     0x08001155   Thumb Code    20  stm32f1xx_hal_rcc.o(i.HAL_RCC_GetPCLK2Freq)
    HAL_RCC_GetSysClockFreq                  0x08001175   Thumb Code    74  stm32f1xx_hal_rcc.o(i.HAL_RCC_GetSysClockFreq)
    HAL_RCC_OscConfig                        0x080011e1   Thumb Code   750  stm32f1xx_hal_rcc.o(i.HAL_RCC_OscConfig)
    HAL_TIMEx_BreakCallback                  0x080014e5   Thumb Code     2  stm32f1xx_hal_tim_ex.o(i.HAL_TIMEx_BreakCallback)
    HAL_TIMEx_CommutationCallback            0x080014e7   Thumb Code     2  stm32f1xx_hal_tim_ex.o(i.HAL_TIMEx_CommutationCallback)
    HAL_TIM_Base_Init                        0x080014e9   Thumb Code    54  stm32f1xx_hal_tim.o(i.HAL_TIM_Base_Init)
    HAL_TIM_Base_MspInit                     0x0800151f   Thumb Code     2  stm32f1xx_hal_tim.o(i.HAL_TIM_Base_MspInit)
    HAL_TIM_Base_Start_IT                    0x08001521   Thumb Code    24  stm32f1xx_hal_tim.o(i.HAL_TIM_Base_Start_IT)
    HAL_TIM_IC_CaptureCallback               0x08001539   Thumb Code     2  stm32f1xx_hal_tim.o(i.HAL_TIM_IC_CaptureCallback)
    HAL_TIM_IRQHandler                       0x0800153b   Thumb Code   358  stm32f1xx_hal_tim.o(i.HAL_TIM_IRQHandler)
    HAL_TIM_OC_DelayElapsedCallback          0x080016a1   Thumb Code     2  stm32f1xx_hal_tim.o(i.HAL_TIM_OC_DelayElapsedCallback)
    HAL_TIM_PWM_PulseFinishedCallback        0x080016a3   Thumb Code     2  stm32f1xx_hal_tim.o(i.HAL_TIM_PWM_PulseFinishedCallback)
    HAL_TIM_PeriodElapsedCallback            0x080016a5   Thumb Code    14  main.o(i.HAL_TIM_PeriodElapsedCallback)
    HAL_TIM_TriggerCallback                  0x080016b9   Thumb Code     2  stm32f1xx_hal_tim.o(i.HAL_TIM_TriggerCallback)
    HAL_UART_ErrorCallback                   0x080016bb   Thumb Code     2  stm32f1xx_hal_uart.o(i.HAL_UART_ErrorCallback)
    HAL_UART_IRQHandler                      0x080016bd   Thumb Code   266  stm32f1xx_hal_uart.o(i.HAL_UART_IRQHandler)
    HAL_UART_Init                            0x080017cd   Thumb Code    98  stm32f1xx_hal_uart.o(i.HAL_UART_Init)
    HAL_UART_MspInit                         0x08001831   Thumb Code   118  stm32f1xx_hal_msp.o(i.HAL_UART_MspInit)
    HAL_UART_Receive_IT                      0x080018b5   Thumb Code    82  stm32f1xx_hal_uart.o(i.HAL_UART_Receive_IT)
    HAL_UART_RxCpltCallback                  0x08001909   Thumb Code   148  main.o(i.HAL_UART_RxCpltCallback)
    HAL_UART_Transmit                        0x080019b1   Thumb Code   186  stm32f1xx_hal_uart.o(i.HAL_UART_Transmit)
    HAL_UART_TxCpltCallback                  0x08001a6b   Thumb Code     2  stm32f1xx_hal_uart.o(i.HAL_UART_TxCpltCallback)
    HardFault_Handler                        0x08001a6d   Thumb Code     2  stm32f1xx_it.o(i.HardFault_Handler)
    LCD_Enable                               0x08001a71   Thumb Code    40  main.o(i.LCD_Enable)
    LCD_Gotoxy                               0x08001a9d   Thumb Code    32  main.o(i.LCD_Gotoxy)
    LCD_Init                                 0x08001abd   Thumb Code    92  main.o(i.LCD_Init)
    LCD_PutChar                              0x08001b1d   Thumb Code    36  main.o(i.LCD_PutChar)
    LCD_Puts                                 0x08001b45   Thumb Code    22  main.o(i.LCD_Puts)
    LCD_Send4Bit                             0x08001b5d   Thumb Code    58  main.o(i.LCD_Send4Bit)
    LCD_SendCommand                          0x08001b9d   Thumb Code    28  main.o(i.LCD_SendCommand)
    MemManage_Handler                        0x08001ca9   Thumb Code     2  stm32f1xx_it.o(i.MemManage_Handler)
    NMI_Handler                              0x08001cab   Thumb Code     2  stm32f1xx_it.o(i.NMI_Handler)
    StartTask01                              0x08001ccd   Thumb Code   182  main.o(i.StartTask01)
    StartTask02                              0x08001d9d   Thumb Code   100  main.o(i.StartTask02)
    StartTask03                              0x08001e09   Thumb Code    96  main.o(i.StartTask03)
    SysTick_Handler                          0x08001e75   Thumb Code    38  port.o(i.SysTick_Handler)
    SystemClock_Config                       0x08001ea1   Thumb Code    90  main.o(i.SystemClock_Config)
    SystemInit                               0x08001efd   Thumb Code    56  system_stm32f1xx.o(i.SystemInit)
    TIM4_IRQHandler                          0x08001f45   Thumb Code     6  stm32f1xx_it.o(i.TIM4_IRQHandler)
    TIM_Base_SetConfig                       0x08001f51   Thumb Code    94  stm32f1xx_hal_tim.o(i.TIM_Base_SetConfig)
    USART1_IRQHandler                        0x080022b9   Thumb Code     6  stm32f1xx_it.o(i.USART1_IRQHandler)
    UsageFault_Handler                       0x080022c5   Thumb Code     2  stm32f1xx_it.o(i.UsageFault_Handler)
    __0printf$2                              0x080022c9   Thumb Code    22  printf2.o(i.__0printf$2)
    __1printf$2                              0x080022c9   Thumb Code     0  printf2.o(i.__0printf$2)
    __2printf                                0x080022c9   Thumb Code     0  printf2.o(i.__0printf$2)
    __scatterload_copy                       0x080022e9   Thumb Code    14  handlers.o(i.__scatterload_copy)
    __scatterload_null                       0x080022f7   Thumb Code     2  handlers.o(i.__scatterload_null)
    __scatterload_zeroinit                   0x080022f9   Thumb Code    14  handlers.o(i.__scatterload_zeroinit)
    check_response                           0x080023dd   Thumb Code    44  main.o(i.check_response)
    fputc                                    0x0800240d   Thumb Code    18  main.o(i.fputc)
    main                                     0x08002431   Thumb Code   200  main.o(i.main)
    osDelay                                  0x08002519   Thumb Code    14  cmsis_os.o(i.osDelay)
    osKernelStart                            0x08002527   Thumb Code    10  cmsis_os.o(i.osKernelStart)
    osSemaphoreCreate                        0x08002531   Thumb Code    38  cmsis_os.o(i.osSemaphoreCreate)
    osSemaphoreRelease                       0x08002559   Thumb Code    74  cmsis_os.o(i.osSemaphoreRelease)
    osSemaphoreWait                          0x080025a9   Thumb Code   100  cmsis_os.o(i.osSemaphoreWait)
    osThreadCreate                           0x08002611   Thumb Code    46  cmsis_os.o(i.osThreadCreate)
    pvPortMalloc                             0x08002a99   Thumb Code   210  heap_4.o(i.pvPortMalloc)
    pvTaskIncrementMutexHeldCount            0x08002b71   Thumb Code    18  tasks.o(i.pvTaskIncrementMutexHeldCount)
    pxPortInitialiseStack                    0x08002b89   Thumb Code    32  port.o(i.pxPortInitialiseStack)
    read_data                                0x08002bad   Thumb Code    88  main.o(i.read_data)
    set_gpio_input                           0x08002c09   Thumb Code    22  main.o(i.set_gpio_input)
    set_gpio_output                          0x08002c29   Thumb Code    24  main.o(i.set_gpio_output)
    uxListRemove                             0x08002c49   Thumb Code    36  list.o(i.uxListRemove)
    vListInitialise                          0x08002c6d   Thumb Code    22  list.o(i.vListInitialise)
    vListInitialiseItem                      0x08002c83   Thumb Code     6  list.o(i.vListInitialiseItem)
    vListInsert                              0x08002c89   Thumb Code    48  list.o(i.vListInsert)
    vListInsertEnd                           0x08002cb9   Thumb Code    24  list.o(i.vListInsertEnd)
    vPortEnterCritical                       0x08002cd1   Thumb Code    54  port.o(i.vPortEnterCritical)
    vPortExitCritical                        0x08002d11   Thumb Code    34  port.o(i.vPortExitCritical)
    vPortFree                                0x08002d39   Thumb Code    88  heap_4.o(i.vPortFree)
    vPortSetupTimerInterrupt                 0x08002d95   Thumb Code    26  port.o(i.vPortSetupTimerInterrupt)
    vPortValidateInterruptPriority           0x08002db5   Thumb Code    74  port.o(i.vPortValidateInterruptPriority)
    vTaskDelay                               0x08002e09   Thumb Code    66  tasks.o(i.vTaskDelay)
    vTaskMissedYield                         0x08002e55   Thumb Code     8  tasks.o(i.vTaskMissedYield)
    vTaskPlaceOnEventList                    0x08002e61   Thumb Code    44  tasks.o(i.vTaskPlaceOnEventList)
    vTaskPriorityInherit                     0x08002e91   Thumb Code   124  tasks.o(i.vTaskPriorityInherit)
    vTaskSetTimeOutState                     0x08002f15   Thumb Code    30  tasks.o(i.vTaskSetTimeOutState)
    vTaskStartScheduler                      0x08002f39   Thumb Code    86  tasks.o(i.vTaskStartScheduler)
    vTaskSuspendAll                          0x08002fa1   Thumb Code    10  tasks.o(i.vTaskSuspendAll)
    vTaskSwitchContext                       0x08002fb1   Thumb Code    82  tasks.o(i.vTaskSwitchContext)
    xPortStartScheduler                      0x0800300d   Thumb Code   102  port.o(i.xPortStartScheduler)
    xQueueGenericCreate                      0x08003081   Thumb Code    72  queue.o(i.xQueueGenericCreate)
    xQueueGenericReceive                     0x080030c9   Thumb Code   360  queue.o(i.xQueueGenericReceive)
    xQueueGenericReset                       0x08003235   Thumb Code   132  queue.o(i.xQueueGenericReset)
    xQueueGenericSend                        0x080032bd   Thumb Code   346  queue.o(i.xQueueGenericSend)
    xQueueGiveFromISR                        0x0800341d   Thumb Code   156  queue.o(i.xQueueGiveFromISR)
    xQueueReceiveFromISR                     0x080034b9   Thumb Code   154  queue.o(i.xQueueReceiveFromISR)
    xTaskCheckForTimeOut                     0x08003555   Thumb Code   102  tasks.o(i.xTaskCheckForTimeOut)
    xTaskCreate                              0x080035c1   Thumb Code    86  tasks.o(i.xTaskCreate)
    xTaskGetSchedulerState                   0x08003619   Thumb Code    22  tasks.o(i.xTaskGetSchedulerState)
    xTaskIncrementTick                       0x08003635   Thumb Code   192  tasks.o(i.xTaskIncrementTick)
    xTaskPriorityDisinherit                  0x080036fd   Thumb Code   144  tasks.o(i.xTaskPriorityDisinherit)
    xTaskRemoveFromEventList                 0x08003795   Thumb Code   108  tasks.o(i.xTaskRemoveFromEventList)
    xTaskResumeAll                           0x08003809   Thumb Code   182  tasks.o(i.xTaskResumeAll)
    AHBPrescTable                            0x08003908   Data          16  system_stm32f1xx.o(.constdata)
    APBPrescTable                            0x08003918   Data           8  system_stm32f1xx.o(.constdata)
    Region$$Table$$Base                      0x08003944   Number         0  anon$$obj.o(Region$$Table)
    Region$$Table$$Limit                     0x08003964   Number         0  anon$$obj.o(Region$$Table)
    rx_index                                 0x20000000   Data           1  main.o(.data)
    rx_data                                  0x20000001   Data           1  main.o(.data)
    Rh_byte1                                 0x20000002   Data           1  main.o(.data)
    Rh_byte2                                 0x20000003   Data           1  main.o(.data)
    Temp_byte1                               0x20000004   Data           1  main.o(.data)
    Temp_byte2                               0x20000005   Data           1  main.o(.data)
    adc_value                                0x20000006   Data           2  main.o(.data)
    adc_t                                    0x20000008   Data           2  main.o(.data)
    myTask01Handle                           0x2000000c   Data           4  main.o(.data)
    myTask02Handle                           0x20000010   Data           4  main.o(.data)
    myTask03Handle                           0x20000014   Data           4  main.o(.data)
    myBinarySem01Handle                      0x20000018   Data           4  main.o(.data)
    myBinarySem02Handle                      0x2000001c   Data           4  main.o(.data)
    arr                                      0x20000020   Data           7  main.o(.data)
    uwTickFreq                               0x20000028   Data           1  stm32f1xx_hal.o(.data)
    uwTickPrio                               0x2000002c   Data           4  stm32f1xx_hal.o(.data)
    uwTick                                   0x20000030   Data           4  stm32f1xx_hal.o(.data)
    SystemCoreClock                          0x20000034   Data           4  system_stm32f1xx.o(.data)
    pxCurrentTCB                             0x20000038   Data           4  tasks.o(.data)
    __stdout                                 0x20000098   Data           4  stdout.o(.data)
    buffer1                                  0x2000009c   Data          20  main.o(.bss)
    hadc1                                    0x200000b0   Data          48  main.o(.bss)
    huart1                                   0x200000e0   Data          64  main.o(.bss)
    GPIO_InitStruct                          0x20000120   Data          16  main.o(.bss)
    hdma_adc1                                0x20000130   Data          68  main.o(.bss)
    htim4                                    0x20000174   Data          64  stm32f1xx_hal_timebase_tim.o(.bss)
    __initial_sp                             0x200012a8   Data           0  startup_stm32f103xb.o(STACK)



==============================================================================

Memory Map of the image

  Image Entry point : 0x080000ed

  Load Region LR_IROM1 (Base: 0x08000000, Size: 0x00003a00, Max: 0x00010000, ABSOLUTE)

    Execution Region ER_IROM1 (Base: 0x08000000, Size: 0x00003964, Max: 0x00010000, ABSOLUTE)

    Base Addr    Size         Type   Attr      Idx    E Section Name        Object

    0x08000000   0x000000ec   Data   RO            3    RESET               startup_stm32f103xb.o
    0x080000ec   0x00000000   Code   RO         4049  * .ARM.Collect$$$$00000000  mc_w.l(entry.o)
    0x080000ec   0x00000004   Code   RO         4321    .ARM.Collect$$$$00000001  mc_w.l(entry2.o)
    0x080000f0   0x00000004   Code   RO         4324    .ARM.Collect$$$$00000004  mc_w.l(entry5.o)
    0x080000f4   0x00000000   Code   RO         4326    .ARM.Collect$$$$00000008  mc_w.l(entry7b.o)
    0x080000f4   0x00000000   Code   RO         4328    .ARM.Collect$$$$0000000A  mc_w.l(entry8b.o)
    0x080000f4   0x00000008   Code   RO         4329    .ARM.Collect$$$$0000000B  mc_w.l(entry9a.o)
    0x080000fc   0x00000000   Code   RO         4331    .ARM.Collect$$$$0000000D  mc_w.l(entry10a.o)
    0x080000fc   0x00000000   Code   RO         4333    .ARM.Collect$$$$0000000F  mc_w.l(entry11a.o)
    0x080000fc   0x00000004   Code   RO         4322    .ARM.Collect$$$$00002712  mc_w.l(entry2.o)
    0x08000100   0x00000096   Code   RO         3972    .emb_text           port.o
    0x08000196   0x00000002   PAD
    0x08000198   0x00000024   Code   RO            4    .text               startup_stm32f103xb.o
    0x080001bc   0x00000024   Code   RO         4054    .text               mc_w.l(memcpya.o)
    0x080001e0   0x00000024   Code   RO         4056    .text               mc_w.l(memseta.o)
    0x08000204   0x00000024   Code   RO         4351    .text               mc_w.l(init.o)
    0x08000228   0x0000004c   Code   RO          582    i.ADC_ConversionStop_Disable  stm32f1xx_hal_adc.o
    0x08000274   0x0000004e   Code   RO          583    i.ADC_DMAConvCplt   stm32f1xx_hal_adc.o
    0x080002c2   0x0000001a   Code   RO          584    i.ADC_DMAError      stm32f1xx_hal_adc.o
    0x080002dc   0x0000000a   Code   RO          585    i.ADC_DMAHalfConvCplt  stm32f1xx_hal_adc.o
    0x080002e6   0x00000002   PAD
    0x080002e8   0x00000070   Code   RO          586    i.ADC_Enable        stm32f1xx_hal_adc.o
    0x08000358   0x00000002   Code   RO          382    i.BusFault_Handler  stm32f1xx_it.o
    0x0800035a   0x00000002   PAD
    0x0800035c   0x00000028   Code   RO          126    i.DHT11_start       main.o
    0x08000384   0x0000000c   Code   RO          383    i.DMA1_Channel1_IRQHandler  stm32f1xx_it.o
    0x08000390   0x0000002a   Code   RO         2414    i.DMA_SetConfig     stm32f1xx_hal_dma.o
    0x080003ba   0x00000002   PAD
    0x080003bc   0x00000044   Code   RO           13    i.DWT_Delay_Init    dwt_stm32_delay.o
    0x08000400   0x0000002c   Code   RO          127    i.DWT_Delay_us      main.o
    0x0800042c   0x00000002   Code   RO          384    i.DebugMon_Handler  stm32f1xx_it.o
    0x0800042e   0x00000002   Code   RO          128    i.Error_Handler     main.o
    0x08000430   0x000000fc   Code   RO          588    i.HAL_ADC_ConfigChannel  stm32f1xx_hal_adc.o
    0x0800052c   0x00000002   Code   RO          589    i.HAL_ADC_ConvCpltCallback  stm32f1xx_hal_adc.o
    0x0800052e   0x00000002   Code   RO          590    i.HAL_ADC_ConvHalfCpltCallback  stm32f1xx_hal_adc.o
    0x08000530   0x00000002   Code   RO          592    i.HAL_ADC_ErrorCallback  stm32f1xx_hal_adc.o
    0x08000532   0x00000002   PAD
    0x08000534   0x0000011c   Code   RO          597    i.HAL_ADC_Init      stm32f1xx_hal_adc.o
    0x08000650   0x0000008c   Code   RO          459    i.HAL_ADC_MspInit   stm32f1xx_hal_msp.o
    0x080006dc   0x0000010c   Code   RO          604    i.HAL_ADC_Start_DMA  stm32f1xx_hal_adc.o
    0x080007e8   0x0000004c   Code   RO          607    i.HAL_ADC_Stop_DMA  stm32f1xx_hal_adc.o
    0x08000834   0x00000030   Code   RO         2415    i.HAL_DMA_Abort     stm32f1xx_hal_dma.o
    0x08000864   0x00000098   Code   RO         2416    i.HAL_DMA_Abort_IT  stm32f1xx_hal_dma.o
    0x080008fc   0x00000154   Code   RO         2420    i.HAL_DMA_IRQHandler  stm32f1xx_hal_dma.o
    0x08000a50   0x0000005c   Code   RO         2421    i.HAL_DMA_Init      stm32f1xx_hal_dma.o
    0x08000aac   0x00000070   Code   RO         2425    i.HAL_DMA_Start_IT  stm32f1xx_hal_dma.o
    0x08000b1c   0x00000024   Code   RO         2055    i.HAL_Delay         stm32f1xx_hal.o
    0x08000b40   0x000001bc   Code   RO         2351    i.HAL_GPIO_Init     stm32f1xx_hal_gpio.o
    0x08000cfc   0x0000000a   Code   RO         2353    i.HAL_GPIO_ReadPin  stm32f1xx_hal_gpio.o
    0x08000d06   0x00000008   Code   RO         2354    i.HAL_GPIO_TogglePin  stm32f1xx_hal_gpio.o
    0x08000d0e   0x0000000a   Code   RO         2355    i.HAL_GPIO_WritePin  stm32f1xx_hal_gpio.o
    0x08000d18   0x0000000c   Code   RO         2059    i.HAL_GetTick       stm32f1xx_hal.o
    0x08000d24   0x00000010   Code   RO         2063    i.HAL_IncTick       stm32f1xx_hal.o
    0x08000d34   0x00000024   Code   RO         2064    i.HAL_Init          stm32f1xx_hal.o
    0x08000d58   0x00000074   Code   RO          507    i.HAL_InitTick      stm32f1xx_hal_timebase_tim.o
    0x08000dcc   0x00000048   Code   RO          460    i.HAL_MspInit       stm32f1xx_hal_msp.o
    0x08000e14   0x00000016   Code   RO         2511    i.HAL_NVIC_EnableIRQ  stm32f1xx_hal_cortex.o
    0x08000e2a   0x00000002   PAD
    0x08000e2c   0x00000040   Code   RO         2517    i.HAL_NVIC_SetPriority  stm32f1xx_hal_cortex.o
    0x08000e6c   0x00000024   Code   RO         2518    i.HAL_NVIC_SetPriorityGrouping  stm32f1xx_hal_cortex.o
    0x08000e90   0x000000ec   Code   RO         2314    i.HAL_RCCEx_PeriphCLKConfig  stm32f1xx_hal_rcc_ex.o
    0x08000f7c   0x0000016c   Code   RO         2211    i.HAL_RCC_ClockConfig  stm32f1xx_hal_rcc.o
    0x080010e8   0x00000040   Code   RO         2215    i.HAL_RCC_GetClockConfig  stm32f1xx_hal_rcc.o
    0x08001128   0x0000000c   Code   RO         2216    i.HAL_RCC_GetHCLKFreq  stm32f1xx_hal_rcc.o
    0x08001134   0x00000020   Code   RO         2218    i.HAL_RCC_GetPCLK1Freq  stm32f1xx_hal_rcc.o
    0x08001154   0x00000020   Code   RO         2219    i.HAL_RCC_GetPCLK2Freq  stm32f1xx_hal_rcc.o
    0x08001174   0x0000006c   Code   RO         2220    i.HAL_RCC_GetSysClockFreq  stm32f1xx_hal_rcc.o
    0x080011e0   0x00000304   Code   RO         2223    i.HAL_RCC_OscConfig  stm32f1xx_hal_rcc.o
    0x080014e4   0x00000002   Code   RO         1489    i.HAL_TIMEx_BreakCallback  stm32f1xx_hal_tim_ex.o
    0x080014e6   0x00000002   Code   RO         1490    i.HAL_TIMEx_CommutationCallback  stm32f1xx_hal_tim_ex.o
    0x080014e8   0x00000036   Code   RO          860    i.HAL_TIM_Base_Init  stm32f1xx_hal_tim.o
    0x0800151e   0x00000002   Code   RO          862    i.HAL_TIM_Base_MspInit  stm32f1xx_hal_tim.o
    0x08001520   0x00000018   Code   RO          865    i.HAL_TIM_Base_Start_IT  stm32f1xx_hal_tim.o
    0x08001538   0x00000002   Code   RO          889    i.HAL_TIM_IC_CaptureCallback  stm32f1xx_hal_tim.o
    0x0800153a   0x00000166   Code   RO          902    i.HAL_TIM_IRQHandler  stm32f1xx_hal_tim.o
    0x080016a0   0x00000002   Code   RO          905    i.HAL_TIM_OC_DelayElapsedCallback  stm32f1xx_hal_tim.o
    0x080016a2   0x00000002   Code   RO          932    i.HAL_TIM_PWM_PulseFinishedCallback  stm32f1xx_hal_tim.o
    0x080016a4   0x00000014   Code   RO          129    i.HAL_TIM_PeriodElapsedCallback  main.o
    0x080016b8   0x00000002   Code   RO          943    i.HAL_TIM_TriggerCallback  stm32f1xx_hal_tim.o
    0x080016ba   0x00000002   Code   RO         1743    i.HAL_UART_ErrorCallback  stm32f1xx_hal_uart.o
    0x080016bc   0x00000110   Code   RO         1746    i.HAL_UART_IRQHandler  stm32f1xx_hal_uart.o
    0x080017cc   0x00000062   Code   RO         1747    i.HAL_UART_Init     stm32f1xx_hal_uart.o
    0x0800182e   0x00000002   PAD
    0x08001830   0x00000084   Code   RO          462    i.HAL_UART_MspInit  stm32f1xx_hal_msp.o
    0x080018b4   0x00000052   Code   RO         1752    i.HAL_UART_Receive_IT  stm32f1xx_hal_uart.o
    0x08001906   0x00000002   PAD
    0x08001908   0x000000a8   Code   RO          130    i.HAL_UART_RxCpltCallback  main.o
    0x080019b0   0x000000ba   Code   RO         1755    i.HAL_UART_Transmit  stm32f1xx_hal_uart.o
    0x08001a6a   0x00000002   Code   RO         1758    i.HAL_UART_TxCpltCallback  stm32f1xx_hal_uart.o
    0x08001a6c   0x00000002   Code   RO          385    i.HardFault_Handler  stm32f1xx_it.o
    0x08001a6e   0x00000002   PAD
    0x08001a70   0x0000002c   Code   RO          132    i.LCD_Enable        main.o
    0x08001a9c   0x00000020   Code   RO          133    i.LCD_Gotoxy        main.o
    0x08001abc   0x00000060   Code   RO          134    i.LCD_Init          main.o
    0x08001b1c   0x00000028   Code   RO          135    i.LCD_PutChar       main.o
    0x08001b44   0x00000016   Code   RO          136    i.LCD_Puts          main.o
    0x08001b5a   0x00000002   PAD
    0x08001b5c   0x00000040   Code   RO          137    i.LCD_Send4Bit      main.o
    0x08001b9c   0x0000001c   Code   RO          138    i.LCD_SendCommand   main.o
    0x08001bb8   0x00000040   Code   RO          139    i.MX_ADC1_Init      main.o
    0x08001bf8   0x000000b0   Code   RO          140    i.MX_GPIO_Init      main.o
    0x08001ca8   0x00000002   Code   RO          386    i.MemManage_Handler  stm32f1xx_it.o
    0x08001caa   0x00000002   Code   RO          387    i.NMI_Handler       stm32f1xx_it.o
    0x08001cac   0x00000020   Code   RO         2524    i.NVIC_SetPriority  stm32f1xx_hal_cortex.o
    0x08001ccc   0x000000d0   Code   RO          141    i.StartTask01       main.o
    0x08001d9c   0x0000006c   Code   RO          142    i.StartTask02       main.o
    0x08001e08   0x0000006c   Code   RO          143    i.StartTask03       main.o
    0x08001e74   0x0000002c   Code   RO         3973    i.SysTick_Handler   port.o
    0x08001ea0   0x0000005a   Code   RO          144    i.SystemClock_Config  main.o
    0x08001efa   0x00000002   PAD
    0x08001efc   0x00000048   Code   RO         2940    i.SystemInit        system_stm32f1xx.o
    0x08001f44   0x0000000c   Code   RO          388    i.TIM4_IRQHandler   stm32f1xx_it.o
    0x08001f50   0x0000006c   Code   RO          944    i.TIM_Base_SetConfig  stm32f1xx_hal_tim.o
    0x08001fbc   0x00000010   Code   RO         1760    i.UART_DMAAbortOnError  stm32f1xx_hal_uart.o
    0x08001fcc   0x0000001c   Code   RO         1770    i.UART_EndRxTransfer  stm32f1xx_hal_uart.o
    0x08001fe8   0x00000096   Code   RO         1772    i.UART_Receive_IT   stm32f1xx_hal_uart.o
    0x0800207e   0x00000002   PAD
    0x08002080   0x00000170   Code   RO         1773    i.UART_SetConfig    stm32f1xx_hal_uart.o
    0x080021f0   0x00000062   Code   RO         1774    i.UART_Transmit_IT  stm32f1xx_hal_uart.o
    0x08002252   0x00000064   Code   RO         1775    i.UART_WaitOnFlagUntilTimeout  stm32f1xx_hal_uart.o
    0x080022b6   0x00000002   PAD
    0x080022b8   0x0000000c   Code   RO          389    i.USART1_IRQHandler  stm32f1xx_it.o
    0x080022c4   0x00000002   Code   RO          390    i.UsageFault_Handler  stm32f1xx_it.o
    0x080022c6   0x00000002   PAD
    0x080022c8   0x00000020   Code   RO         4127    i.__0printf$2       mc_w.l(printf2.o)
    0x080022e8   0x0000000e   Code   RO         4361    i.__scatterload_copy  mc_w.l(handlers.o)
    0x080022f6   0x00000002   Code   RO         4362    i.__scatterload_null  mc_w.l(handlers.o)
    0x080022f8   0x0000000e   Code   RO         4363    i.__scatterload_zeroinit  mc_w.l(handlers.o)
    0x08002306   0x000000d6   Code   RO         4134    i._printf_core      mc_w.l(printf2.o)
    0x080023dc   0x00000030   Code   RO          145    i.check_response    main.o
    0x0800240c   0x00000018   Code   RO          146    i.fputc             main.o
    0x08002424   0x0000000c   Code   RO         3536    i.inHandlerMode     cmsis_os.o
    0x08002430   0x000000dc   Code   RO          147    i.main              main.o
    0x0800250c   0x0000000c   Code   RO         3538    i.makeFreeRtosPriority  cmsis_os.o
    0x08002518   0x0000000e   Code   RO         3540    i.osDelay           cmsis_os.o
    0x08002526   0x0000000a   Code   RO         3543    i.osKernelStart     cmsis_os.o
    0x08002530   0x00000026   Code   RO         3569    i.osSemaphoreCreate  cmsis_os.o
    0x08002556   0x00000002   PAD
    0x08002558   0x00000050   Code   RO         3572    i.osSemaphoreRelease  cmsis_os.o
    0x080025a8   0x00000068   Code   RO         3573    i.osSemaphoreWait   cmsis_os.o
    0x08002610   0x0000002e   Code   RO         3577    i.osThreadCreate    cmsis_os.o
    0x0800263e   0x00000002   PAD
    0x08002640   0x00000070   Code   RO         3249    i.prvAddCurrentTaskToDelayedList  tasks.o
    0x080026b0   0x000000d0   Code   RO         3250    i.prvAddNewTaskToReadyList  tasks.o
    0x08002780   0x00000050   Code   RO         3251    i.prvCheckTasksWaitingTermination  tasks.o
    0x080027d0   0x00000026   Code   RO         3109    i.prvCopyDataFromQueue  queue.o
    0x080027f6   0x0000006c   Code   RO         3110    i.prvCopyDataToQueue  queue.o
    0x08002862   0x00000014   Code   RO         3252    i.prvDeleteTCB      tasks.o
    0x08002876   0x00000002   PAD
    0x08002878   0x0000004c   Code   RO         3911    i.prvHeapInit       heap_4.o
    0x080028c4   0x00000028   Code   RO         3253    i.prvIdleTask       tasks.o
    0x080028ec   0x0000008e   Code   RO         3254    i.prvInitialiseNewTask  tasks.o
    0x0800297a   0x00000002   PAD
    0x0800297c   0x0000004c   Code   RO         3912    i.prvInsertBlockIntoFreeList  heap_4.o
    0x080029c8   0x0000001c   Code   RO         3111    i.prvIsQueueEmpty   queue.o
    0x080029e4   0x00000020   Code   RO         3255    i.prvResetNextTaskUnblockTime  tasks.o
    0x08002a04   0x00000028   Code   RO         3974    i.prvTaskExitError  port.o
    0x08002a2c   0x0000006a   Code   RO         3112    i.prvUnlockQueue    queue.o
    0x08002a96   0x00000002   PAD
    0x08002a98   0x000000d8   Code   RO         3913    i.pvPortMalloc      heap_4.o
    0x08002b70   0x00000018   Code   RO         3257    i.pvTaskIncrementMutexHeldCount  tasks.o
    0x08002b88   0x00000024   Code   RO         3975    i.pxPortInitialiseStack  port.o
    0x08002bac   0x0000005c   Code   RO          148    i.read_data         main.o
    0x08002c08   0x00000020   Code   RO          149    i.set_gpio_input    main.o
    0x08002c28   0x00000020   Code   RO          150    i.set_gpio_output   main.o
    0x08002c48   0x00000024   Code   RO         3072    i.uxListRemove      list.o
    0x08002c6c   0x00000016   Code   RO         3073    i.vListInitialise   list.o
    0x08002c82   0x00000006   Code   RO         3074    i.vListInitialiseItem  list.o
    0x08002c88   0x00000030   Code   RO         3075    i.vListInsert       list.o
    0x08002cb8   0x00000018   Code   RO         3076    i.vListInsertEnd    list.o
    0x08002cd0   0x00000040   Code   RO         3977    i.vPortEnterCritical  port.o
    0x08002d10   0x00000028   Code   RO         3978    i.vPortExitCritical  port.o
    0x08002d38   0x0000005c   Code   RO         3914    i.vPortFree         heap_4.o
    0x08002d94   0x00000020   Code   RO         3979    i.vPortSetupTimerInterrupt  port.o
    0x08002db4   0x00000054   Code   RO         3980    i.vPortValidateInterruptPriority  port.o
    0x08002e08   0x0000004c   Code   RO         3263    i.vTaskDelay        tasks.o
    0x08002e54   0x0000000c   Code   RO         3266    i.vTaskMissedYield  tasks.o
    0x08002e60   0x00000030   Code   RO         3268    i.vTaskPlaceOnEventList  tasks.o
    0x08002e90   0x00000084   Code   RO         3270    i.vTaskPriorityInherit  tasks.o
    0x08002f14   0x00000024   Code   RO         3273    i.vTaskSetTimeOutState  tasks.o
    0x08002f38   0x00000068   Code   RO         3274    i.vTaskStartScheduler  tasks.o
    0x08002fa0   0x00000010   Code   RO         3276    i.vTaskSuspendAll   tasks.o
    0x08002fb0   0x0000005c   Code   RO         3277    i.vTaskSwitchContext  tasks.o
    0x0800300c   0x00000074   Code   RO         3981    i.xPortStartScheduler  port.o
    0x08003080   0x00000048   Code   RO         3120    i.xQueueGenericCreate  queue.o
    0x080030c8   0x0000016c   Code   RO         3121    i.xQueueGenericReceive  queue.o
    0x08003234   0x00000088   Code   RO         3122    i.xQueueGenericReset  queue.o
    0x080032bc   0x00000160   Code   RO         3123    i.xQueueGenericSend  queue.o
    0x0800341c   0x0000009c   Code   RO         3125    i.xQueueGiveFromISR  queue.o
    0x080034b8   0x0000009a   Code   RO         3129    i.xQueueReceiveFromISR  queue.o
    0x08003552   0x00000002   PAD
    0x08003554   0x0000006c   Code   RO         3278    i.xTaskCheckForTimeOut  tasks.o
    0x080035c0   0x00000056   Code   RO         3279    i.xTaskCreate       tasks.o
    0x08003616   0x00000002   PAD
    0x08003618   0x0000001c   Code   RO         3283    i.xTaskGetSchedulerState  tasks.o
    0x08003634   0x000000c8   Code   RO         3286    i.xTaskIncrementTick  tasks.o
    0x080036fc   0x00000098   Code   RO         3289    i.xTaskPriorityDisinherit  tasks.o
    0x08003794   0x00000074   Code   RO         3290    i.xTaskRemoveFromEventList  tasks.o
    0x08003808   0x000000c4   Code   RO         3292    i.xTaskResumeAll    tasks.o
    0x080038cc   0x0000003c   Data   RO          153    .constdata          main.o
    0x08003908   0x00000010   Data   RO         2941    .constdata          system_stm32f1xx.o
    0x08003918   0x00000008   Data   RO         2942    .constdata          system_stm32f1xx.o
    0x08003920   0x00000021   Data   RO          154    .conststring        main.o
    0x08003941   0x00000003   PAD
    0x08003944   0x00000020   Data   RO         4359    Region$$Table       anon$$obj.o


    Execution Region RW_IRAM1 (Base: 0x20000000, Size: 0x000012a8, Max: 0x00005000, ABSOLUTE)

    Base Addr    Size         Type   Attr      Idx    E Section Name        Object

    0x20000000   0x00000027   Data   RW          155    .data               main.o
    0x20000027   0x00000001   PAD
    0x20000028   0x0000000c   Data   RW         2071    .data               stm32f1xx_hal.o
    0x20000034   0x00000004   Data   RW         2943    .data               system_stm32f1xx.o
    0x20000038   0x0000003c   Data   RW         3295    .data               tasks.o
    0x20000074   0x00000018   Data   RW         3919    .data               heap_4.o
    0x2000008c   0x0000000c   Data   RW         3982    .data               port.o
    0x20000098   0x00000004   Data   RW         4335    .data               mc_w.l(stdout.o)
    0x2000009c   0x00000094   Zero   RW          151    .bss                main.o
    0x20000130   0x00000044   Zero   RW          152    .bss                main.o
    0x20000174   0x00000040   Zero   RW          510    .bss                stm32f1xx_hal_timebase_tim.o
    0x200001b4   0x000000f0   Zero   RW         3294    .bss                tasks.o
    0x200002a4   0x00000c00   Zero   RW         3918    .bss                heap_4.o
    0x20000ea4   0x00000004   PAD
    0x20000ea8   0x00000400   Zero   RW            1    STACK               startup_stm32f103xb.o


==============================================================================

Image component sizes


      Code (inc. data)   RO Data    RW Data    ZI Data      Debug   Object Name

       316         10          0          0          0      16688   cmsis_os.o
        68         10          0          0          0     446673   dwt_stm32_delay.o
         0          0          0          0          0       9576   event_groups.o
       460         24          0         24       3072       7035   heap_4.o
       136          0          0          0          0       3230   list.o
      1802        180         93         39        216      34857   main.o
       606         72          0         12          0      10989   port.o
      1514         14          0          0          0      11681   queue.o
        36          8        236          0       1024        804   startup_stm32f103xb.o
       100         18          0         12          0       5222   stm32f1xx_hal.o
      1188         54          0          0          0       8461   stm32f1xx_hal_adc.o
       154         14          0          0          0      24678   stm32f1xx_hal_cortex.o
       786         36          0          0          0       4450   stm32f1xx_hal_dma.o
       472         36          0          0          0       3672   stm32f1xx_hal_gpio.o
       344         46          0          0          0       2263   stm32f1xx_hal_msp.o
      1384        114          0          0          0       6029   stm32f1xx_hal_rcc.o
       236         12          0          0          0       1340   stm32f1xx_hal_rcc_ex.o
       554         14          0          0          0       6610   stm32f1xx_hal_tim.o
         4          0          0          0          0       1570   stm32f1xx_hal_tim_ex.o
       116         16          0          0         64       1379   stm32f1xx_hal_timebase_tim.o
      1402         10          0          0          0       8471   stm32f1xx_hal_uart.o
        48         18          0          0          0       3850   stm32f1xx_it.o
        72         16         24          4          0       1163   system_stm32f1xx.o
      2060        172          0         60        240      20537   tasks.o

    ----------------------------------------------------------------------
     13900        894        388        152       4620     641228   Object Totals
         0          0         32          0          0          0   (incl. Generated)
        42          0          3          1          4          0   (incl. Padding)

    ----------------------------------------------------------------------

      Code (inc. data)   RO Data    RW Data    ZI Data      Debug   Library Member Name

         0          0          0          0          0          0   entry.o
         0          0          0          0          0          0   entry10a.o
         0          0          0          0          0          0   entry11a.o
         8          4          0          0          0          0   entry2.o
         4          0          0          0          0          0   entry5.o
         0          0          0          0          0          0   entry7b.o
         0          0          0          0          0          0   entry8b.o
         8          4          0          0          0          0   entry9a.o
        30          0          0          0          0          0   handlers.o
        36          8          0          0          0         68   init.o
        36          0          0          0          0         68   memcpya.o
        36          0          0          0          0        108   memseta.o
       246         10          0          0          0        176   printf2.o
         0          0          0          4          0          0   stdout.o

    ----------------------------------------------------------------------
       404         26          0          4          0        420   Library Totals
         0          0          0          0          0          0   (incl. Padding)

    ----------------------------------------------------------------------

      Code (inc. data)   RO Data    RW Data    ZI Data      Debug   Library Name

       404         26          0          4          0        420   mc_w.l

    ----------------------------------------------------------------------
       404         26          0          4          0        420   Library Totals

    ----------------------------------------------------------------------

==============================================================================


      Code (inc. data)   RO Data    RW Data    ZI Data      Debug   

     14304        920        388        156       4620     633636   Grand Totals
     14304        920        388        156       4620     633636   ELF Image Totals
     14304        920        388        156          0          0   ROM Totals

==============================================================================

    Total RO  Size (Code + RO Data)                14692 (  14.35kB)
    Total RW  Size (RW Data + ZI Data)              4776 (   4.66kB)
    Total ROM Size (Code + RO Data + RW Data)      14848 (  14.50kB)

==============================================================================

